Nathan Walzer - nwalzer

Jan 14 12:10:47 nwalzerOSVM rsyslogd: [origin software="rsyslogd" swVersion="8.16.0" x-pid="608" x-info="http://www.rsyslog.com"] rsyslogd was HUPed
Jan 14 12:12:11 nwalzerOSVM anacron[688]: Job `cron.daily' terminated
Jan 14 12:12:11 nwalzerOSVM anacron[688]: Normal exit (1 job run)
Jan 14 12:12:34 nwalzerOSVM com.canonical.Unity.Scope.Applications[1104]: Error loading package indexes: Couldn't stat '/var/cache/software-center/xapian'
Jan 14 12:12:34 nwalzerOSVM com.canonical.Unity.Scope.Applications[1104]: (unity-scope-loader:2618): unity-applications-daemon-CRITICAL **: daemon.vala:144: Failed to load Software Center index. 'Apps Available for Download' will not be listed
Jan 14 12:13:12 nwalzerOSVM kernel: [  464.363371] 'Hello, world!' -- syscall1
Jan 14 12:13:12 nwalzerOSVM kernel: [  464.363386] 'Hello, world!' -- syscall2
Jan 14 12:13:12 nwalzerOSVM kernel: [  464.363390] 'Hello, world!' -- syscall3
Jan 14 12:13:25 nwalzerOSVM dbus[637]: [system] Activating via systemd: service name='org.freedesktop.hostname1' unit='dbus-org.freedesktop.hostname1.service'
Jan 14 12:13:25 nwalzerOSVM systemd[1]: Starting Hostname Service...
Jan 14 12:13:25 nwalzerOSVM dbus[637]: [system] Successfully activated service 'org.freedesktop.hostname1'
Jan 14 12:13:25 nwalzerOSVM systemd[1]: Started Hostname Service.
Jan 14 12:13:26 nwalzerOSVM gnome-session[1221]: Nautilus-Share-Message: Called "net usershare info" but it failed: Failed to execute child process "net" (No such file or directory)
Jan 14 12:13:29 nwalzerOSVM org.gtk.vfs.Daemon[1104]: ** (gvfsd:1173): WARNING **: dbus_mount_reply: Error from org.gtk.vfs.Mountable.mount(): Failed to retrieve share list from server: Connection refused
Jan 14 12:13:29 nwalzerOSVM org.gtk.vfs.Daemon[1104]: ** (process:2694): WARNING **: Couldn't create directory monitor on smb://x-gnome-default-workgroup/. Error: The specified location is not mounted
Jan 14 12:13:32 nwalzerOSVM org.gtk.vfs.Daemon[1104]: ** (gvfsd:1173): WARNING **: dbus_mount_reply: Error from org.gtk.vfs.Mountable.mount(): Failed to retrieve share list from server: Connection refused
Jan 14 12:13:32 nwalzerOSVM org.gtk.vfs.Daemon[1104]: ** (process:2685): WARNING **: Couldn't create directory monitor on smb://x-gnome-default-workgroup/. Error: The specified location is not mounted
Jan 14 12:13:44 nwalzerOSVM org.gnome.zeitgeist.SimpleIndexer[1104]: ** (zeitgeist-fts:1637): WARNING **: Unable to get info on application://nautilus-autostart.desktop
Jan 14 12:17:01 nwalzerOSVM CRON[2752]: (root) CMD (   cd / && run-parts --report /etc/cron.hourly)
Jan 14 12:18:49 nwalzerOSVM AptDaemon: INFO: Quitting due to inactivity
Jan 14 12:18:49 nwalzerOSVM org.debian.apt[637]: 12:18:49 AptDaemon [INFO]: Quitting due to inactivity
Jan 14 12:18:49 nwalzerOSVM org.debian.apt[637]: 12:18:49 AptDaemon [INFO]: Quitting was requested
Jan 14 12:18:49 nwalzerOSVM AptDaemon: INFO: Quitting was requested
Jan 14 12:20:48 nwalzerOSVM systemd[1]: Starting Cleanup of Temporary Directories...
Jan 14 12:20:48 nwalzerOSVM systemd-tmpfiles[2796]: [/usr/lib/tmpfiles.d/var.conf:14] Duplicate line for path "/var/log", ignoring.
Jan 14 12:20:48 nwalzerOSVM systemd[1]: Started Cleanup of Temporary Directories.
Jan 14 12:24:26 nwalzerOSVM systemd-timesyncd[275]: Timed out waiting for reply from 91.189.89.199:123 (ntp.ubuntu.com).
Jan 14 12:24:36 nwalzerOSVM systemd-timesyncd[275]: Timed out waiting for reply from 91.189.89.198:123 (ntp.ubuntu.com).
Jan 14 12:24:37 nwalzerOSVM kernel: [ 1150.108670] hello: loading out-of-tree module taints kernel.
Jan 14 12:24:37 nwalzerOSVM kernel: [ 1150.108674] hello: module license 'unspecified' taints kernel.
Jan 14 12:24:37 nwalzerOSVM kernel: [ 1150.108675] Disabling lock debugging due to kernel taint
Jan 14 12:24:37 nwalzerOSVM kernel: [ 1150.108706] hello: module verification failed: signature and/or required key missing - tainting kernel
Jan 14 12:24:37 nwalzerOSVM kernel: [ 1150.116423] Hello World!
Jan 14 12:24:46 nwalzerOSVM systemd-timesyncd[275]: Timed out waiting for reply from 91.189.94.4:123 (ntp.ubuntu.com).
Jan 14 12:24:51 nwalzerOSVM gnome-session[1221]: Nautilus-Share-Message: Called "net usershare info" but it failed: Failed to execute child process "net" (No such file or directory)
Jan 14 12:24:54 nwalzerOSVM org.gnome.zeitgeist.SimpleIndexer[1104]: ** (zeitgeist-fts:1637): WARNING **: Unable to get info on application://nautilus-autostart.desktop
Jan 14 12:24:57 nwalzerOSVM systemd-timesyncd[275]: Timed out waiting for reply from 91.189.91.157:123 (ntp.ubuntu.com).
Jan 14 12:32:13 nwalzerOSVM kernel: [ 1605.398554] Cleaning up module.
Jan 14 12:32:21 nwalzerOSVM kernel: [ 1613.210164] Hello World!
Jan 14 12:32:29 nwalzerOSVM kernel: [ 1621.275294] Cleaning up module.
Jan 14 12:33:03 nwalzerOSVM kernel: [ 1655.522634] 'Hello, world!' -- syscall1
Jan 14 12:33:03 nwalzerOSVM kernel: [ 1655.522651] 'Hello, world!' -- syscall2
Jan 14 12:33:03 nwalzerOSVM kernel: [ 1655.522655] 'Hello, world!' -- syscall3
Jan 14 12:33:29 nwalzerOSVM systemd-timesyncd[275]: Synchronized to time server 91.189.89.199:123 (ntp.ubuntu.com).
Jan 14 12:34:41 nwalzerOSVM org.gnome.zeitgeist.SimpleIndexer[1104]: ** (zeitgeist-fts:1637): WARNING **: Unable to get info on application://nautilus-autostart.desktop
Jan 14 12:35:13 nwalzerOSVM org.gnome.zeitgeist.SimpleIndexer[1104]: ** (zeitgeist-fts:1637): WARNING **: Unable to get info on application://nautilus-autostart.desktop
Jan 14 12:36:18 nwalzerOSVM gnome-session[1221]: Nautilus-Share-Message: Called "net usershare info" but it failed: Failed to execute child process "net" (No such file or directory)
Jan 14 12:36:41 nwalzerOSVM gnome-session[1221]: Nautilus-Share-Message: Called "net usershare info" but it failed: Failed to execute child process "net" (No such file or directory)
Jan 14 12:39:03 nwalzerOSVM org.gnome.zeitgeist.SimpleIndexer[1104]: ** (zeitgeist-fts:1637): WARNING **: Unable to get info on application://nautilus-autostart.desktop
Jan 14 12:40:30 nwalzerOSVM gnome-session[1221]: Nautilus-Share-Message: Called "net usershare info" but it failed: Failed to execute child process "net" (No such file or directory)
Jan 14 12:40:43 nwalzerOSVM org.gnome.zeitgeist.SimpleIndexer[1104]: ** (zeitgeist-fts:1637): WARNING **: Unable to get info on application://nautilus-autostart.desktop
Jan 14 12:41:09 nwalzerOSVM gnome-session[1221]: Nautilus-Share-Message: Called "net usershare info" but it failed: Failed to execute child process "net" (No such file or directory)
Jan 14 12:41:47 nwalzerOSVM org.gnome.zeitgeist.SimpleIndexer[1104]: ** (zeitgeist-fts:1637): WARNING **: Unable to get info on application://nautilus-autostart.desktop
Jan 14 12:44:34 nwalzerOSVM org.gnome.zeitgeist.SimpleIndexer[1104]: message repeated 3 times: [ ** (zeitgeist-fts:1637): WARNING **: Unable to get info on application://nautilus-autostart.desktop]
Jan 14 12:46:06 nwalzerOSVM systemd[1]: Stopping Save/Restore Sound Card State...
Jan 14 12:46:06 nwalzerOSVM systemd[1]: Stopped target Graphical Interface.
Jan 14 12:46:06 nwalzerOSVM systemd[1]: Stopping ACPI event daemon...
Jan 14 12:46:06 nwalzerOSVM systemd[1]: Stopping Authenticate and Authorize Users to Run Privileged Tasks...
Jan 14 12:46:06 nwalzerOSVM systemd[1]: Stopped target Multi-User System.
Jan 14 12:46:06 nwalzerOSVM systemd[1]: Stopping LSB: Speech Dispatcher...
Jan 14 12:46:06 nwalzerOSVM systemd[1]: Stopping LSB: automatic crash report generation...
Jan 14 12:46:06 nwalzerOSVM systemd[1]: Stopping Regular background program processing daemon...
Jan 14 12:46:06 nwalzerOSVM systemd[1]: Stopping Make remote CUPS printers available locally...
Jan 14 12:46:06 nwalzerOSVM systemd[1]: Stopping Accounts Service...
Jan 14 12:46:06 nwalzerOSVM kernel: [ 2439.091906] show_signal_msg: 39 callbacks suppressed
Jan 14 12:46:06 nwalzerOSVM kernel: [ 2439.091910] hud-service[1211]: segfault at b77eba74 ip b77eba74 sp bf95bab0 error 15 in ld-2.23.so[b77eb000+1000]
Jan 14 12:46:07 nwalzerOSVM systemd[1]: Stopping Session c1 of user nwalzer.
Jan 14 12:46:07 nwalzerOSVM systemd[1]: Stopped target Sound Card.
Jan 14 12:46:07 nwalzerOSVM systemd[1]: Stopping LSB: daemon to balance interrupts for SMP systems...
Jan 14 12:46:07 nwalzerOSVM systemd[1]: Closed Load/Save RF Kill Switch Status /dev/rfkill Watch.
Jan 14 12:46:07 nwalzerOSVM systemd[1]: Stopping Unattended Upgrades Shutdown...
Jan 14 12:46:07 nwalzerOSVM systemd[1]: Stopping Disk Manager...
Jan 14 12:46:07 nwalzerOSVM systemd[1]: Stopping LSB: Set the CPU Frequency Scaling governor to "ondemand"...
Jan 14 12:46:07 nwalzerOSVM systemd[1]: Stopped target Login Prompts.
Jan 14 12:46:07 nwalzerOSVM systemd[1]: Stopping Getty on tty1...
Jan 14 12:46:07 nwalzerOSVM systemd[1]: Stopping RealtimeKit Scheduling Policy Service...
Jan 14 12:46:07 nwalzerOSVM rsyslogd: [origin software="rsyslogd" swVersion="8.16.0" x-pid="608" x-info="http://www.rsyslog.com"] exiting on signal 15.
Jan 14 12:46:20 nwalzerOSVM rsyslogd: [origin software="rsyslogd" swVersion="8.16.0" x-pid="640" x-info="http://www.rsyslog.com"] start
Jan 14 12:46:20 nwalzerOSVM rsyslogd-2222: command 'KLogPermitNonKernelFacility' is currently not permitted - did you already set it via a RainerScript command (v6+ config)? [v8.16.0 try http://www.rsyslog.com/e/2222 ]
Jan 14 12:46:20 nwalzerOSVM rsyslogd: rsyslogd's groupid changed to 108
Jan 14 12:46:20 nwalzerOSVM rsyslogd: rsyslogd's userid changed to 104
Jan 14 12:46:20 nwalzerOSVM rsyslogd-2039: Could not open output pipe '/dev/xconsole':: No such file or directory [v8.16.0 try http://www.rsyslog.com/e/2039 ]
Jan 14 12:46:20 nwalzerOSVM rsyslogd-2007: action 'action 10' suspended, next retry is Mon Jan 14 12:46:50 2019 [v8.16.0 try http://www.rsyslog.com/e/2007 ]
Jan 14 12:46:20 nwalzerOSVM kernel: [    0.000000] Initializing cgroup subsys cpuset
Jan 14 12:46:20 nwalzerOSVM kernel: [    0.000000] Initializing cgroup subsys cpu
Jan 14 12:46:20 nwalzerOSVM kernel: [    0.000000] Initializing cgroup subsys cpuacct
Jan 14 12:46:20 nwalzerOSVM kernel: [    0.000000] Linux version 4.4.162nwalzer (root@nwalzerOSVM) (gcc version 5.4.0 20160609 (Ubuntu 5.4.0-6ubuntu1~16.04.11) ) #1 SMP Sun Jan 13 23:10:17 EST 2019 (Ubuntu 4.4.0-141.167-generic 4.4.162)
Jan 14 12:46:20 nwalzerOSVM kernel: [    0.000000] KERNEL supported cpus:
Jan 14 12:46:20 nwalzerOSVM kernel: [    0.000000]   Intel GenuineIntel
Jan 14 12:46:20 nwalzerOSVM kernel: [    0.000000]   AMD AuthenticAMD
Jan 14 12:46:20 nwalzerOSVM kernel: [    0.000000]   NSC Geode by NSC
Jan 14 12:46:20 nwalzerOSVM kernel: [    0.000000]   Cyrix CyrixInstead
Jan 14 12:46:20 nwalzerOSVM kernel: [    0.000000]   Centaur CentaurHauls
Jan 14 12:46:20 nwalzerOSVM kernel: [    0.000000]   Transmeta GenuineTMx86
Jan 14 12:46:20 nwalzerOSVM kernel: [    0.000000]   Transmeta TransmetaCPU
Jan 14 12:46:20 nwalzerOSVM kernel: [    0.000000]   UMC UMC UMC UMC
Jan 14 12:46:20 nwalzerOSVM kernel: [    0.000000] x86/fpu: xstate_offset[2]:  576, xstate_sizes[2]:  256
Jan 14 12:46:20 nwalzerOSVM kernel: [    0.000000] x86/fpu: Supporting XSAVE feature 0x01: 'x87 floating point registers'
Jan 14 12:46:20 nwalzerOSVM kernel: [    0.000000] x86/fpu: Supporting XSAVE feature 0x02: 'SSE registers'
Jan 14 12:46:20 nwalzerOSVM kernel: [    0.000000] x86/fpu: Supporting XSAVE feature 0x04: 'AVX registers'
Jan 14 12:46:20 nwalzerOSVM kernel: [    0.000000] x86/fpu: Enabled xstate features 0x7, context size is 832 bytes, using 'standard' format.
Jan 14 12:46:20 nwalzerOSVM kernel: [    0.000000] e820: BIOS-provided physical RAM map:
Jan 14 12:46:20 nwalzerOSVM kernel: [    0.000000] BIOS-e820: [mem 0x0000000000000000-0x000000000009fbff] usable
Jan 14 12:46:20 nwalzerOSVM kernel: [    0.000000] BIOS-e820: [mem 0x000000000009fc00-0x000000000009ffff] reserved
Jan 14 12:46:20 nwalzerOSVM kernel: [    0.000000] BIOS-e820: [mem 0x00000000000f0000-0x00000000000fffff] reserved
Jan 14 12:46:20 nwalzerOSVM kernel: [    0.000000] BIOS-e820: [mem 0x0000000000100000-0x000000007ffeffff] usable
Jan 14 12:46:20 nwalzerOSVM kernel: [    0.000000] BIOS-e820: [mem 0x000000007fff0000-0x000000007fffffff] ACPI data
Jan 14 12:46:20 nwalzerOSVM kernel: [    0.000000] BIOS-e820: [mem 0x00000000fec00000-0x00000000fec00fff] reserved
Jan 14 12:46:20 nwalzerOSVM kernel: [    0.000000] BIOS-e820: [mem 0x00000000fee00000-0x00000000fee00fff] reserved
Jan 14 12:46:20 nwalzerOSVM kernel: [    0.000000] BIOS-e820: [mem 0x00000000fffc0000-0x00000000ffffffff] reserved
Jan 14 12:46:20 nwalzerOSVM kernel: [    0.000000] NX (Execute Disable) protection: active
Jan 14 12:46:20 nwalzerOSVM kernel: [    0.000000] SMBIOS 2.5 present.
Jan 14 12:46:20 nwalzerOSVM kernel: [    0.000000] DMI: innotek GmbH VirtualBox/VirtualBox, BIOS VirtualBox 12/01/2006
Jan 14 12:46:20 nwalzerOSVM kernel: [    0.000000] Hypervisor detected: KVM
Jan 14 12:46:20 nwalzerOSVM kernel: [    0.000000] e820: update [mem 0x00000000-0x00000fff] usable ==> reserved
Jan 14 12:46:20 nwalzerOSVM kernel: [    0.000000] e820: remove [mem 0x000a0000-0x000fffff] usable
Jan 14 12:46:20 nwalzerOSVM kernel: [    0.000000] e820: last_pfn = 0x7fff0 max_arch_pfn = 0x1000000
Jan 14 12:46:20 nwalzerOSVM kernel: [    0.000000] MTRR default type: uncachable
Jan 14 12:46:20 nwalzerOSVM kernel: [    0.000000] MTRR variable ranges disabled:
Jan 14 12:46:20 nwalzerOSVM kernel: [    0.000000] MTRR: Disabled
Jan 14 12:46:20 nwalzerOSVM kernel: [    0.000000] x86/PAT: MTRRs disabled, skipping PAT initialization too.
Jan 14 12:46:20 nwalzerOSVM kernel: [    0.000000] CPU MTRRs all blank - virtualized system.
Jan 14 12:46:20 nwalzerOSVM kernel: [    0.000000] x86/PAT: Configuration [0-7]: WB  WT  UC- UC  WB  WT  UC- UC  
Jan 14 12:46:20 nwalzerOSVM kernel: [    0.000000] Scanning 1 areas for low memory corruption
Jan 14 12:46:20 nwalzerOSVM kernel: [    0.000000] initial memory mapped: [mem 0x00000000-0x021fffff]
Jan 14 12:46:20 nwalzerOSVM kernel: [    0.000000] Base memory trampoline at [c009b000] 9b000 size 16384
Jan 14 12:46:20 nwalzerOSVM kernel: [    0.000000] BRK [0x01d84000, 0x01d84fff] PGTABLE
Jan 14 12:46:20 nwalzerOSVM kernel: [    0.000000] BRK [0x01d85000, 0x01d85fff] PGTABLE
Jan 14 12:46:20 nwalzerOSVM kernel: [    0.000000] RAMDISK: [mem 0x33478000-0x35a33fff]
Jan 14 12:46:20 nwalzerOSVM kernel: [    0.000000] ACPI: Early table checksum verification disabled
Jan 14 12:46:20 nwalzerOSVM kernel: [    0.000000] ACPI: RSDP 0x00000000000E0000 000024 (v02 VBOX  )
Jan 14 12:46:20 nwalzerOSVM kernel: [    0.000000] ACPI: XSDT 0x000000007FFF0030 00003C (v01 VBOX   VBOXXSDT 00000001 ASL  00000061)
Jan 14 12:46:20 nwalzerOSVM kernel: [    0.000000] ACPI: FACP 0x000000007FFF00F0 0000F4 (v04 VBOX   VBOXFACP 00000001 ASL  00000061)
Jan 14 12:46:20 nwalzerOSVM kernel: [    0.000000] ACPI: DSDT 0x000000007FFF0470 0022EA (v02 VBOX   VBOXBIOS 00000002 INTL 20100528)
Jan 14 12:46:20 nwalzerOSVM kernel: [    0.000000] ACPI: FACS 0x000000007FFF0200 000040
Jan 14 12:46:20 nwalzerOSVM kernel: [    0.000000] ACPI: FACS 0x000000007FFF0200 000040
Jan 14 12:46:20 nwalzerOSVM kernel: [    0.000000] ACPI: APIC 0x000000007FFF0240 000054 (v02 VBOX   VBOXAPIC 00000001 ASL  00000061)
Jan 14 12:46:20 nwalzerOSVM kernel: [    0.000000] ACPI: SSDT 0x000000007FFF02A0 0001CC (v01 VBOX   VBOXCPUT 00000002 INTL 20100528)
Jan 14 12:46:20 nwalzerOSVM kernel: [    0.000000] ACPI: Local APIC address 0xfee00000
Jan 14 12:46:20 nwalzerOSVM kernel: [    0.000000] 1155MB HIGHMEM available.
Jan 14 12:46:20 nwalzerOSVM kernel: [    0.000000] 891MB LOWMEM available.
Jan 14 12:46:20 nwalzerOSVM kernel: [    0.000000]   mapped low ram: 0 - 37bfe000
Jan 14 12:46:20 nwalzerOSVM kernel: [    0.000000]   low ram: 0 - 37bfe000
Jan 14 12:46:20 nwalzerOSVM kernel: [    0.000000] kvm-clock: Using msrs 4b564d01 and 4b564d00
Jan 14 12:46:20 nwalzerOSVM kernel: [    0.000000] kvm-clock: cpu 0, msr 0:37bfd001, primary cpu clock
Jan 14 12:46:20 nwalzerOSVM kernel: [    0.000000] kvm-clock: using sched offset of 43054985775474 cycles
Jan 14 12:46:20 nwalzerOSVM kernel: [    0.000000] clocksource: kvm-clock: mask: 0xffffffffffffffff max_cycles: 0x1cd42e4dffb, max_idle_ns: 881590591483 ns
Jan 14 12:46:20 nwalzerOSVM kernel: [    0.000000] Zone ranges:
Jan 14 12:46:20 nwalzerOSVM kernel: [    0.000000]   DMA      [mem 0x0000000000001000-0x0000000000ffffff]
Jan 14 12:46:20 nwalzerOSVM kernel: [    0.000000]   Normal   [mem 0x0000000001000000-0x0000000037bfdfff]
Jan 14 12:46:20 nwalzerOSVM kernel: [    0.000000]   HighMem  [mem 0x0000000037bfe000-0x000000007ffeffff]
Jan 14 12:46:20 nwalzerOSVM kernel: [    0.000000] Movable zone start for each node
Jan 14 12:46:20 nwalzerOSVM kernel: [    0.000000] Early memory node ranges
Jan 14 12:46:20 nwalzerOSVM kernel: [    0.000000]   node   0: [mem 0x0000000000001000-0x000000000009efff]
Jan 14 12:46:20 nwalzerOSVM kernel: [    0.000000]   node   0: [mem 0x0000000000100000-0x000000007ffeffff]
Jan 14 12:46:20 nwalzerOSVM kernel: [    0.000000] Initmem setup node 0 [mem 0x0000000000001000-0x000000007ffeffff]
Jan 14 12:46:20 nwalzerOSVM kernel: [    0.000000] On node 0 totalpages: 524174
Jan 14 12:46:20 nwalzerOSVM kernel: [    0.000000]   DMA zone: 40 pages used for memmap
Jan 14 12:46:20 nwalzerOSVM kernel: [    0.000000]   DMA zone: 0 pages reserved
Jan 14 12:46:20 nwalzerOSVM kernel: [    0.000000]   DMA zone: 3998 pages, LIFO batch:0
Jan 14 12:46:20 nwalzerOSVM kernel: [    0.000000]   Normal zone: 2190 pages used for memmap
Jan 14 12:46:20 nwalzerOSVM kernel: [    0.000000]   Normal zone: 224254 pages, LIFO batch:31
Jan 14 12:46:20 nwalzerOSVM kernel: [    0.000000]   HighMem zone: 295922 pages, LIFO batch:31
Jan 14 12:46:20 nwalzerOSVM kernel: [    0.000000] Using APIC driver default
Jan 14 12:46:20 nwalzerOSVM kernel: [    0.000000] ACPI: PM-Timer IO Port: 0x4008
Jan 14 12:46:20 nwalzerOSVM kernel: [    0.000000] ACPI: Local APIC address 0xfee00000
Jan 14 12:46:20 nwalzerOSVM kernel: [    0.000000] IOAPIC[0]: apic_id 1, version 32, address 0xfec00000, GSI 0-23
Jan 14 12:46:20 nwalzerOSVM kernel: [    0.000000] ACPI: INT_SRC_OVR (bus 0 bus_irq 0 global_irq 2 dfl dfl)
Jan 14 12:46:20 nwalzerOSVM kernel: [    0.000000] ACPI: INT_SRC_OVR (bus 0 bus_irq 9 global_irq 9 low level)
Jan 14 12:46:20 nwalzerOSVM kernel: [    0.000000] ACPI: IRQ0 used by override.
Jan 14 12:46:20 nwalzerOSVM kernel: [    0.000000] ACPI: IRQ9 used by override.
Jan 14 12:46:20 nwalzerOSVM kernel: [    0.000000] Using ACPI (MADT) for SMP configuration information
Jan 14 12:46:20 nwalzerOSVM kernel: [    0.000000] smpboot: Allowing 1 CPUs, 0 hotplug CPUs
Jan 14 12:46:20 nwalzerOSVM kernel: [    0.000000] PM: Registered nosave memory: [mem 0x00000000-0x00000fff]
Jan 14 12:46:20 nwalzerOSVM kernel: [    0.000000] PM: Registered nosave memory: [mem 0x0009f000-0x0009ffff]
Jan 14 12:46:20 nwalzerOSVM kernel: [    0.000000] PM: Registered nosave memory: [mem 0x000a0000-0x000effff]
Jan 14 12:46:20 nwalzerOSVM kernel: [    0.000000] PM: Registered nosave memory: [mem 0x000f0000-0x000fffff]
Jan 14 12:46:20 nwalzerOSVM kernel: [    0.000000] e820: [mem 0x80000000-0xfebfffff] available for PCI devices
Jan 14 12:46:20 nwalzerOSVM kernel: [    0.000000] Booting paravirtualized kernel on KVM
Jan 14 12:46:20 nwalzerOSVM kernel: [    0.000000] clocksource: refined-jiffies: mask: 0xffffffff max_cycles: 0xffffffff, max_idle_ns: 7645519600211568 ns
Jan 14 12:46:20 nwalzerOSVM kernel: [    0.000000] setup_percpu: NR_CPUS:8 nr_cpumask_bits:8 nr_cpu_ids:1 nr_node_ids:1
Jan 14 12:46:20 nwalzerOSVM kernel: [    0.000000] PERCPU: Embedded 19 pages/cpu @f67c3000 s47436 r0 d30388 u77824
Jan 14 12:46:20 nwalzerOSVM kernel: [    0.000000] pcpu-alloc: s47436 r0 d30388 u77824 alloc=19*4096
Jan 14 12:46:20 nwalzerOSVM kernel: [    0.000000] pcpu-alloc: [0] 0 
Jan 14 12:46:20 nwalzerOSVM kernel: [    0.000000] PV qspinlock hash table entries: 512 (order: 0, 4096 bytes)
Jan 14 12:46:20 nwalzerOSVM kernel: [    0.000000] Built 1 zonelists in Zone order, mobility grouping on.  Total pages: 521944
Jan 14 12:46:20 nwalzerOSVM kernel: [    0.000000] Kernel command line: BOOT_IMAGE=/boot/vmlinuz-4.4.162nwalzer root=UUID=fa03be44-3fb0-4c42-b55a-e65fd3bd979b ro quiet splash
Jan 14 12:46:20 nwalzerOSVM kernel: [    0.000000] PID hash table entries: 4096 (order: 2, 16384 bytes)
Jan 14 12:46:20 nwalzerOSVM kernel: [    0.000000] Dentry cache hash table entries: 131072 (order: 7, 524288 bytes)
Jan 14 12:46:20 nwalzerOSVM kernel: [    0.000000] Inode-cache hash table entries: 65536 (order: 6, 262144 bytes)
Jan 14 12:46:20 nwalzerOSVM kernel: [    0.000000] Initializing CPU#0
Jan 14 12:46:20 nwalzerOSVM kernel: [    0.000000] Initializing HighMem for node 0 (00037bfe:0007fff0)
Jan 14 12:46:20 nwalzerOSVM kernel: [    0.000000] Initializing Movable for node 0 (00000000:00000000)
Jan 14 12:46:20 nwalzerOSVM kernel: [    0.000000] Memory: 2022616K/2096696K available (8048K kernel code, 779K rwdata, 3144K rodata, 952K init, 800K bss, 74080K reserved, 0K cma-reserved, 1183688K highmem)
Jan 14 12:46:20 nwalzerOSVM kernel: [    0.000000] virtual kernel memory layout:
Jan 14 12:46:20 nwalzerOSVM kernel: [    0.000000]     fixmap  : 0xfff15000 - 0xfffff000   ( 936 kB)
Jan 14 12:46:20 nwalzerOSVM kernel: [    0.000000]     pkmap   : 0xffc00000 - 0xffe00000   (2048 kB)
Jan 14 12:46:20 nwalzerOSVM kernel: [    0.000000]     vmalloc : 0xf83fe000 - 0xffbfe000   ( 120 MB)
Jan 14 12:46:20 nwalzerOSVM kernel: [    0.000000]     lowmem  : 0xc0000000 - 0xf7bfe000   ( 891 MB)
Jan 14 12:46:20 nwalzerOSVM kernel: [    0.000000]       .init : 0xc1bb4000 - 0xc1ca2000   ( 952 kB)
Jan 14 12:46:20 nwalzerOSVM kernel: [    0.000000]       .data : 0xc17dc42c - 0xc1bb2c80   (3930 kB)
Jan 14 12:46:20 nwalzerOSVM kernel: [    0.000000]       .text : 0xc1000000 - 0xc17dc42c   (8049 kB)
Jan 14 12:46:20 nwalzerOSVM kernel: [    0.000000] Checking if this processor honours the WP bit even in supervisor mode...Ok.
Jan 14 12:46:20 nwalzerOSVM kernel: [    0.000000] SLUB: HWalign=64, Order=0-3, MinObjects=0, CPUs=1, Nodes=1
Jan 14 12:46:20 nwalzerOSVM kernel: [    0.000000] Hierarchical RCU implementation.
Jan 14 12:46:20 nwalzerOSVM kernel: [    0.000000] 	Build-time adjustment of leaf fanout to 32.
Jan 14 12:46:20 nwalzerOSVM kernel: [    0.000000] 	RCU restricting CPUs from NR_CPUS=8 to nr_cpu_ids=1.
Jan 14 12:46:20 nwalzerOSVM kernel: [    0.000000] RCU: Adjusting geometry for rcu_fanout_leaf=32, nr_cpu_ids=1
Jan 14 12:46:20 nwalzerOSVM kernel: [    0.000000] NR_IRQS:2304 nr_irqs:256 16
Jan 14 12:46:20 nwalzerOSVM kernel: [    0.000000] CPU 0 irqstacks, hard=f6034000 soft=f6036000
Jan 14 12:46:20 nwalzerOSVM kernel: [    0.000000] Console: colour VGA+ 80x25
Jan 14 12:46:20 nwalzerOSVM kernel: [    0.000000] console [tty0] enabled
Jan 14 12:46:20 nwalzerOSVM kernel: [    0.000000] allocated 2097152 bytes of page_ext
Jan 14 12:46:20 nwalzerOSVM kernel: [    0.000000] tsc: Detected 2712.002 MHz processor
Jan 14 12:46:20 nwalzerOSVM kernel: [    0.084768] Calibrating delay loop (skipped) preset value.. 5424.00 BogoMIPS (lpj=10848008)
Jan 14 12:46:20 nwalzerOSVM kernel: [    0.084771] pid_max: default: 32768 minimum: 301
Jan 14 12:46:20 nwalzerOSVM kernel: [    0.084779] ACPI: Core revision 20150930
Jan 14 12:46:20 nwalzerOSVM kernel: [    0.086485] ACPI: 2 ACPI AML tables successfully acquired and loaded
Jan 14 12:46:20 nwalzerOSVM kernel: [    0.086503] Security Framework initialized
Jan 14 12:46:20 nwalzerOSVM kernel: [    0.086506] Yama: becoming mindful.
Jan 14 12:46:20 nwalzerOSVM kernel: [    0.086520] AppArmor: AppArmor initialized
Jan 14 12:46:20 nwalzerOSVM kernel: [    0.086551] Mount-cache hash table entries: 2048 (order: 1, 8192 bytes)
Jan 14 12:46:20 nwalzerOSVM kernel: [    0.086554] Mountpoint-cache hash table entries: 2048 (order: 1, 8192 bytes)
Jan 14 12:46:20 nwalzerOSVM kernel: [    0.086707] Initializing cgroup subsys io
Jan 14 12:46:20 nwalzerOSVM kernel: [    0.086710] Initializing cgroup subsys memory
Jan 14 12:46:20 nwalzerOSVM kernel: [    0.086715] Initializing cgroup subsys devices
Jan 14 12:46:20 nwalzerOSVM kernel: [    0.086718] Initializing cgroup subsys freezer
Jan 14 12:46:20 nwalzerOSVM kernel: [    0.086720] Initializing cgroup subsys net_cls
Jan 14 12:46:20 nwalzerOSVM kernel: [    0.086722] Initializing cgroup subsys perf_event
Jan 14 12:46:20 nwalzerOSVM kernel: [    0.086725] Initializing cgroup subsys net_prio
Jan 14 12:46:20 nwalzerOSVM kernel: [    0.086728] Initializing cgroup subsys hugetlb
Jan 14 12:46:20 nwalzerOSVM kernel: [    0.086731] Initializing cgroup subsys pids
Jan 14 12:46:20 nwalzerOSVM kernel: [    0.090154] mce: CPU supports 0 MCE banks
Jan 14 12:46:20 nwalzerOSVM kernel: [    0.090180] process: using mwait in idle threads
Jan 14 12:46:20 nwalzerOSVM kernel: [    0.090193] Last level iTLB entries: 4KB 64, 2MB 8, 4MB 8
Jan 14 12:46:20 nwalzerOSVM kernel: [    0.090194] Last level dTLB entries: 4KB 64, 2MB 0, 4MB 0, 1GB 4
Jan 14 12:46:20 nwalzerOSVM kernel: [    0.090198] Spectre V2 : Mitigation: Full generic retpoline
Jan 14 12:46:20 nwalzerOSVM kernel: [    0.090200] Spectre V2 : Spectre v2 mitigation: Speculation control IBPB not-supported IBRS not-supported
Jan 14 12:46:20 nwalzerOSVM kernel: [    0.090201] Spectre V2 : Spectre v2 / SpectreRSB mitigation: Filling RSB on context switch
Jan 14 12:46:20 nwalzerOSVM kernel: [    0.090204] Speculative Store Bypass: Vulnerable
Jan 14 12:46:20 nwalzerOSVM kernel: [    0.115455] Freeing SMP alternatives memory: 32K
Jan 14 12:46:20 nwalzerOSVM kernel: [    0.128037] ftrace: allocating 31490 entries in 62 pages
Jan 14 12:46:20 nwalzerOSVM kernel: [    0.198522] smpboot: APIC(0) Converting physical 0 to logical package 0
Jan 14 12:46:20 nwalzerOSVM kernel: [    0.198524] smpboot: Max logical packages: 1
Jan 14 12:46:20 nwalzerOSVM kernel: [    0.198540] Enabling APIC mode:  Flat.  Using 1 I/O APICs
Jan 14 12:46:20 nwalzerOSVM kernel: [    0.199778] ..TIMER: vector=0x30 apic1=0 pin1=2 apic2=-1 pin2=-1
Jan 14 12:46:20 nwalzerOSVM kernel: [    0.304196] smpboot: CPU0: Intel(R) Core(TM) i5-7200U CPU @ 2.50GHz (family: 0x6, model: 0x8e, stepping: 0x9)
Jan 14 12:46:20 nwalzerOSVM kernel: [    0.304213] Performance Events: unsupported p6 CPU model 142 no PMU driver, software events only.
Jan 14 12:46:20 nwalzerOSVM kernel: [    0.304240] KVM setup paravirtual spinlock
Jan 14 12:46:20 nwalzerOSVM kernel: [    0.304894] x86: Booted up 1 node, 1 CPUs
Jan 14 12:46:20 nwalzerOSVM kernel: [    0.304897] smpboot: Total of 1 processors activated (5424.00 BogoMIPS)
Jan 14 12:46:20 nwalzerOSVM systemd-modules-load[185]: Inserted module 'lp'
Jan 14 12:46:20 nwalzerOSVM systemd-modules-load[185]: Inserted module 'ppdev'
Jan 14 12:46:20 nwalzerOSVM systemd-modules-load[185]: Inserted module 'parport_pc'
Jan 14 12:46:20 nwalzerOSVM systemd[1]: Starting Flush Journal to Persistent Storage...
Jan 14 12:46:20 nwalzerOSVM systemd[1]: Started Load/Save Random Seed.
Jan 14 12:46:20 nwalzerOSVM systemd[1]: Started udev Coldplug all Devices.
Jan 14 12:46:20 nwalzerOSVM systemd[1]: Started Apply Kernel Variables.
Jan 14 12:46:20 nwalzerOSVM systemd[1]: Started Flush Journal to Persistent Storage.
Jan 14 12:46:20 nwalzerOSVM systemd[1]: Started Create Static Device Nodes in /dev.
Jan 14 12:46:20 nwalzerOSVM systemd[1]: Starting udev Kernel Device Manager...
Jan 14 12:46:20 nwalzerOSVM loadkeys[179]: Loading /etc/console-setup/cached.kmap.gz
Jan 14 12:46:20 nwalzerOSVM systemd[1]: Started Set console keymap.
Jan 14 12:46:20 nwalzerOSVM systemd[1]: Reached target Local File Systems (Pre).
Jan 14 12:46:20 nwalzerOSVM systemd[1]: Reached target Local File Systems.
Jan 14 12:46:20 nwalzerOSVM systemd[1]: Starting Clean up any mess left by 0dns-up...
Jan 14 12:46:20 nwalzerOSVM systemd[1]: Starting Tell Plymouth To Write Out Runtime Data...
Jan 14 12:46:20 nwalzerOSVM systemd[1]: Starting Set console font and keymap...
Jan 14 12:46:20 nwalzerOSVM systemd[1]: Starting LSB: AppArmor initialization...
Jan 14 12:46:20 nwalzerOSVM systemd[1]: Starting Create Volatile Files and Directories...
Jan 14 12:46:20 nwalzerOSVM systemd-tmpfiles[246]: [/usr/lib/tmpfiles.d/var.conf:14] Duplicate line for path "/var/log", ignoring.
Jan 14 12:46:20 nwalzerOSVM systemd[1]: Started Tell Plymouth To Write Out Runtime Data.
Jan 14 12:46:20 nwalzerOSVM systemd[1]: Started Clean up any mess left by 0dns-up.
Jan 14 12:46:20 nwalzerOSVM systemd[1]: Starting Nameserver information manager...
Jan 14 12:46:20 nwalzerOSVM systemd[1]: Started Nameserver information manager.
Jan 14 12:46:20 nwalzerOSVM systemd[1]: Reached target Network (Pre).
Jan 14 12:46:20 nwalzerOSVM systemd[1]: Started Create Volatile Files and Directories.
Jan 14 12:46:20 nwalzerOSVM systemd[1]: Starting Update UTMP about System Boot/Shutdown...
Jan 14 12:46:20 nwalzerOSVM systemd[1]: Starting Network Time Synchronization...
Jan 14 12:46:20 nwalzerOSVM systemd[1]: Started Update UTMP about System Boot/Shutdown.
Jan 14 12:46:20 nwalzerOSVM systemd-timesyncd[285]: System clock time unset or jumped backwards, restoring from recorded timestamp: Mon 2019-01-14 12:46:11 EST
Jan 14 12:46:20 nwalzerOSVM systemd[1]: Time has been changed
Jan 14 12:46:20 nwalzerOSVM systemd[1]: Started Network Time Synchronization.
Jan 14 12:46:20 nwalzerOSVM systemd[1]: Reached target System Time Synchronized.
Jan 14 12:46:20 nwalzerOSVM systemd[1]: Started Set console font and keymap.
Jan 14 12:46:20 nwalzerOSVM systemd[1]: Created slice system-getty.slice.
Jan 14 12:46:20 nwalzerOSVM apparmor[245]:  * Starting AppArmor profiles
Jan 14 12:46:20 nwalzerOSVM systemd[1]: Started udev Kernel Device Manager.
Jan 14 12:46:20 nwalzerOSVM systemd[1]: Starting Show Plymouth Boot Screen...
Jan 14 12:46:20 nwalzerOSVM systemd[1]: Started Show Plymouth Boot Screen.
Jan 14 12:46:20 nwalzerOSVM systemd[1]: Started Forward Password Requests to Plymouth Directory Watch.
Jan 14 12:46:20 nwalzerOSVM mtp-probe: checking bus 2, device 2: "/sys/devices/pci0000:00/0000:00:06.0/usb2/2-1"
Jan 14 12:46:20 nwalzerOSVM mtp-probe: bus: 2, device: 2 was not an MTP device
Jan 14 12:46:20 nwalzerOSVM systemd[1]: Listening on Load/Save RF Kill Switch Status /dev/rfkill Watch.
Jan 14 12:46:20 nwalzerOSVM apparmor[245]: Skipping profile in /etc/apparmor.d/disable: usr.bin.firefox
Jan 14 12:46:20 nwalzerOSVM systemd[1]: Reached target Sound Card.
Jan 14 12:46:20 nwalzerOSVM apparmor[245]: Skipping profile in /etc/apparmor.d/disable: usr.sbin.rsyslogd
Jan 14 12:46:20 nwalzerOSVM apparmor[245]:    ...done.
Jan 14 12:46:20 nwalzerOSVM systemd[1]: Started LSB: AppArmor initialization.
Jan 14 12:46:20 nwalzerOSVM systemd[1]: Starting Raise network interfaces...
Jan 14 12:46:20 nwalzerOSVM systemd[1]: Found device VBOX_HARDDISK 5.
Jan 14 12:46:20 nwalzerOSVM systemd[1]: Activating swap /dev/disk/by-uuid/835b1133-f64a-4db2-9b44-59164270cb6e...
Jan 14 12:46:20 nwalzerOSVM systemd[1]: Activated swap /dev/disk/by-uuid/835b1133-f64a-4db2-9b44-59164270cb6e.
Jan 14 12:46:20 nwalzerOSVM systemd[1]: Reached target Swap.
Jan 14 12:46:20 nwalzerOSVM systemd[1]: Reached target System Initialization.
Jan 14 12:46:20 nwalzerOSVM systemd[1]: Starting Socket activation for snappy daemon.
Jan 14 12:46:20 nwalzerOSVM systemd[1]: Started Daily apt download activities.
Jan 14 12:46:20 nwalzerOSVM systemd[1]: Started CUPS Scheduler.
Jan 14 12:46:20 nwalzerOSVM systemd[1]: Listening on Avahi mDNS/DNS-SD Stack Activation Socket.
Jan 14 12:46:20 nwalzerOSVM systemd[1]: Started Daily apt upgrade and clean activities.
Jan 14 12:46:20 nwalzerOSVM systemd[1]: Listening on CUPS Scheduler.
Jan 14 12:46:20 nwalzerOSVM systemd[1]: Started ACPI Events Check.
Jan 14 12:46:20 nwalzerOSVM systemd[1]: Reached target Paths.
Jan 14 12:46:20 nwalzerOSVM systemd[1]: Started Daily Cleanup of Temporary Directories.
Jan 14 12:46:20 nwalzerOSVM systemd[1]: Listening on UUID daemon activation socket.
Jan 14 12:46:20 nwalzerOSVM systemd[1]: Listening on D-Bus System Message Bus Socket.
Jan 14 12:46:20 nwalzerOSVM systemd[1]: Reached target Timers.
Jan 14 12:46:20 nwalzerOSVM systemd[1]: Listening on ACPID Listen Socket.
Jan 14 12:46:20 nwalzerOSVM systemd[1]: Listening on Socket activation for snappy daemon.
Jan 14 12:46:20 nwalzerOSVM systemd[1]: Reached target Sockets.
Jan 14 12:46:20 nwalzerOSVM systemd[1]: Reached target Basic System.
Jan 14 12:46:20 nwalzerOSVM systemd[1]: Starting Avahi mDNS/DNS-SD Stack...
Jan 14 12:46:20 nwalzerOSVM systemd[1]: Starting Accounts Service...
Jan 14 12:46:20 nwalzerOSVM systemd[1]: Starting LSB: Speech Dispatcher...
Jan 14 12:46:20 nwalzerOSVM systemd[1]: Starting LSB: daemon to balance interrupts for SMP systems...
Jan 14 12:46:20 nwalzerOSVM systemd[1]: Starting Login Service...
Jan 14 12:46:20 nwalzerOSVM systemd[1]: Starting LSB: automatic crash report generation...
Jan 14 12:46:20 nwalzerOSVM systemd[1]: Starting LSB: Record successful boot for GRUB...
Jan 14 12:46:20 nwalzerOSVM systemd[1]: Starting Detect the available GPUs and deal with any system changes...
Jan 14 12:46:20 nwalzerOSVM systemd[1]: Started CUPS Scheduler.
Jan 14 12:46:20 nwalzerOSVM systemd[1]: Starting Snappy daemon...
Jan 14 12:46:20 nwalzerOSVM systemd[1]: Starting Permit User Sessions...
Jan 14 12:46:20 nwalzerOSVM systemd[1]: Starting LSB: Set the CPU Frequency Scaling governor to "ondemand"...
Jan 14 12:46:20 nwalzerOSVM systemd[1]: Starting Thermal Daemon Service...
Jan 14 12:46:20 nwalzerOSVM systemd[1]: Started ACPI event daemon.
Jan 14 12:46:20 nwalzerOSVM systemd[1]: Starting Restore /etc/resolv.conf if the system crashed before the ppp link was shut down...
Jan 14 12:46:20 nwalzerOSVM systemd[1]: Starting Modem Manager...
Jan 14 12:46:20 nwalzerOSVM systemd[1]: Started Regular background program processing daemon.
Jan 14 12:46:20 nwalzerOSVM systemd[1]: Starting System Logging Service...
Jan 14 12:46:20 nwalzerOSVM systemd[1]: Started D-Bus System Message Bus.
Jan 14 12:46:20 nwalzerOSVM gpu-manager[615]: /etc/modprobe.d is not a file
Jan 14 12:46:20 nwalzerOSVM gpu-manager[615]: message repeated 4 times: [ /etc/modprobe.d is not a file]
Jan 14 12:46:20 nwalzerOSVM gpu-manager[615]: Error: can't open /lib/modules/4.4.162nwalzer/updates/dkms
Jan 14 12:46:20 nwalzerOSVM gpu-manager[615]: Error: can't open /lib/modules/4.4.162nwalzer/updates/dkms
Jan 14 12:46:20 nwalzerOSVM cron[639]: (CRON) INFO (pidfile fd = 3)
Jan 14 12:46:20 nwalzerOSVM acpid: starting up with netlink and the input layer
Jan 14 12:46:20 nwalzerOSVM acpid: 9 rules loaded
Jan 14 12:46:20 nwalzerOSVM acpid: waiting for events: event logging is off
Jan 14 12:46:20 nwalzerOSVM avahi-daemon[598]: Found user 'avahi' (UID 111) and group 'avahi' (GID 120).
Jan 14 12:46:20 nwalzerOSVM avahi-daemon[598]: Successfully dropped root privileges.
Jan 14 12:46:20 nwalzerOSVM avahi-daemon[598]: avahi-daemon 0.6.32-rc starting up.
Jan 14 12:46:20 nwalzerOSVM kernel: [    0.305162] devtmpfs: initialized
Jan 14 12:46:20 nwalzerOSVM kernel: [    0.305357] evm: security.selinux
Jan 14 12:46:20 nwalzerOSVM kernel: [    0.305358] evm: security.SMACK64
Jan 14 12:46:20 nwalzerOSVM kernel: [    0.305359] evm: security.SMACK64EXEC
Jan 14 12:46:20 nwalzerOSVM kernel: [    0.305360] evm: security.SMACK64TRANSMUTE
Jan 14 12:46:20 nwalzerOSVM kernel: [    0.305361] evm: security.SMACK64MMAP
Jan 14 12:46:20 nwalzerOSVM kernel: [    0.305362] evm: security.ima
Jan 14 12:46:20 nwalzerOSVM kernel: [    0.305363] evm: security.capability
Jan 14 12:46:20 nwalzerOSVM kernel: [    0.305490] clocksource: jiffies: mask: 0xffffffff max_cycles: 0xffffffff, max_idle_ns: 7645041785100000 ns
Jan 14 12:46:20 nwalzerOSVM kernel: [    0.305495] futex hash table entries: 256 (order: 2, 16384 bytes)
Jan 14 12:46:20 nwalzerOSVM kernel: [    0.305571] pinctrl core: initialized pinctrl subsystem
Jan 14 12:46:20 nwalzerOSVM kernel: [    0.305681] RTC time: 12:25:40, date: 01/14/19
Jan 14 12:46:20 nwalzerOSVM kernel: [    0.305799] NET: Registered protocol family 16
Jan 14 12:46:20 nwalzerOSVM kernel: [    0.305950] EISA bus registered
Jan 14 12:46:20 nwalzerOSVM kernel: [    0.305953] cpuidle: using governor ladder
Jan 14 12:46:20 nwalzerOSVM kernel: [    0.305955] cpuidle: using governor menu
Jan 14 12:46:20 nwalzerOSVM kernel: [    0.305957] PCCT header not found.
Jan 14 12:46:20 nwalzerOSVM kernel: [    0.306041] ACPI: bus type PCI registered
Jan 14 12:46:20 nwalzerOSVM kernel: [    0.306043] acpiphp: ACPI Hot Plug PCI Controller Driver version: 0.5
Jan 14 12:46:20 nwalzerOSVM kernel: [    0.306233] PCI : PCI BIOS area is rw and x. Use pci=nobios if you want it NX.
Jan 14 12:46:20 nwalzerOSVM kernel: [    0.306236] PCI: PCI BIOS revision 2.10 entry at 0xfda26, last bus=0
Jan 14 12:46:20 nwalzerOSVM kernel: [    0.306237] PCI: Using configuration type 1 for base access
Jan 14 12:46:20 nwalzerOSVM kernel: [    0.307452] ACPI: Added _OSI(Module Device)
Jan 14 12:46:20 nwalzerOSVM kernel: [    0.307454] ACPI: Added _OSI(Processor Device)
Jan 14 12:46:20 nwalzerOSVM kernel: [    0.307455] ACPI: Added _OSI(3.0 _SCP Extensions)
Jan 14 12:46:20 nwalzerOSVM kernel: [    0.307456] ACPI: Added _OSI(Processor Aggregator Device)
Jan 14 12:46:20 nwalzerOSVM kernel: [    0.308169] ACPI: Executed 1 blocks of module-level executable AML code
Jan 14 12:46:20 nwalzerOSVM kernel: [    0.310540] ACPI: Interpreter enabled
Jan 14 12:46:20 nwalzerOSVM kernel: [    0.310556] ACPI: (supports S0 S5)
Jan 14 12:46:20 nwalzerOSVM kernel: [    0.310558] ACPI: Using IOAPIC for interrupt routing
Jan 14 12:46:20 nwalzerOSVM kernel: [    0.310722] PCI: Using host bridge windows from ACPI; if necessary, use "pci=nocrs" and report a bug
Jan 14 12:46:20 nwalzerOSVM kernel: [    0.315263] ACPI: PCI Root Bridge [PCI0] (domain 0000 [bus 00-ff])
Jan 14 12:46:20 nwalzerOSVM kernel: [    0.315269] acpi PNP0A03:00: _OSC: OS supports [ASPM ClockPM Segments MSI]
Jan 14 12:46:20 nwalzerOSVM kernel: [    0.315670] acpi PNP0A03:00: _OSC: not requesting OS control; OS requires [ExtendedConfig ASPM ClockPM MSI]
Jan 14 12:46:20 nwalzerOSVM kernel: [    0.315675] acpi PNP0A03:00: fail to add MMCONFIG information, can't access extended PCI configuration space under this bridge.
Jan 14 12:46:20 nwalzerOSVM kernel: [    0.316011] PCI host bridge to bus 0000:00
Jan 14 12:46:20 nwalzerOSVM kernel: [    0.316044] pci_bus 0000:00: root bus resource [io  0x0000-0x0cf7 window]
Jan 14 12:46:20 nwalzerOSVM kernel: [    0.316048] pci_bus 0000:00: root bus resource [io  0x0d00-0xffff window]
Jan 14 12:46:20 nwalzerOSVM kernel: [    0.316050] pci_bus 0000:00: root bus resource [mem 0x000a0000-0x000bffff window]
Jan 14 12:46:20 nwalzerOSVM kernel: [    0.316053] pci_bus 0000:00: root bus resource [mem 0x80000000-0xfdffffff window]
Jan 14 12:46:20 nwalzerOSVM kernel: [    0.316056] pci_bus 0000:00: root bus resource [bus 00-ff]
Jan 14 12:46:20 nwalzerOSVM kernel: [    0.316104] pci 0000:00:00.0: [8086:1237] type 00 class 0x060000
Jan 14 12:46:20 nwalzerOSVM kernel: [    0.316807] pci 0000:00:01.0: [8086:7000] type 00 class 0x060100
Jan 14 12:46:20 nwalzerOSVM kernel: [    0.317532] pci 0000:00:01.1: [8086:7111] type 00 class 0x01018a
Jan 14 12:46:20 nwalzerOSVM kernel: [    0.317959] pci 0000:00:01.1: reg 0x20: [io  0xd000-0xd00f]
Jan 14 12:46:20 nwalzerOSVM kernel: [    0.318138] pci 0000:00:01.1: legacy IDE quirk: reg 0x10: [io  0x01f0-0x01f7]
Jan 14 12:46:20 nwalzerOSVM kernel: [    0.318140] pci 0000:00:01.1: legacy IDE quirk: reg 0x14: [io  0x03f6]
Jan 14 12:46:20 nwalzerOSVM kernel: [    0.318142] pci 0000:00:01.1: legacy IDE quirk: reg 0x18: [io  0x0170-0x0177]
Jan 14 12:46:20 nwalzerOSVM kernel: [    0.318144] pci 0000:00:01.1: legacy IDE quirk: reg 0x1c: [io  0x0376]
Jan 14 12:46:20 nwalzerOSVM kernel: [    0.318359] pci 0000:00:02.0: [15ad:0405] type 00 class 0x030000
Jan 14 12:46:20 nwalzerOSVM kernel: [    0.320362] pci 0000:00:02.0: reg 0x10: [io  0xd010-0xd01f]
Jan 14 12:46:20 nwalzerOSVM kernel: [    0.322080] pci 0000:00:02.0: reg 0x14: [mem 0xf0000000-0xf0ffffff]
Jan 14 12:46:20 nwalzerOSVM kernel: [    0.323793] pci 0000:00:02.0: reg 0x18: [mem 0xf1000000-0xf11fffff]
Jan 14 12:46:20 nwalzerOSVM kernel: [    0.330927] pci 0000:00:03.0: [8086:100e] type 00 class 0x020000
Jan 14 12:46:20 nwalzerOSVM kernel: [    0.332463] pci 0000:00:03.0: reg 0x10: [mem 0xf1200000-0xf121ffff]
Jan 14 12:46:20 nwalzerOSVM kernel: [    0.335182] pci 0000:00:03.0: reg 0x18: [io  0xd020-0xd027]
Jan 14 12:46:20 nwalzerOSVM kernel: [    0.340952] pci 0000:00:04.0: [80ee:cafe] type 00 class 0x088000
Jan 14 12:46:20 nwalzerOSVM kernel: [    0.342402] pci 0000:00:04.0: reg 0x10: [io  0xd040-0xd05f]
Jan 14 12:46:20 nwalzerOSVM kernel: [    0.343793] pci 0000:00:04.0: reg 0x14: [mem 0xf1400000-0xf17fffff]
Jan 14 12:46:20 nwalzerOSVM kernel: [    0.345206] pci 0000:00:04.0: reg 0x18: [mem 0xf1800000-0xf1803fff pref]
Jan 14 12:46:20 nwalzerOSVM kernel: [    0.350904] pci 0000:00:05.0: [8086:2415] type 00 class 0x040100
Jan 14 12:46:20 nwalzerOSVM kernel: [    0.351046] pci 0000:00:05.0: reg 0x10: [io  0xd100-0xd1ff]
Jan 14 12:46:20 nwalzerOSVM kernel: [    0.351135] pci 0000:00:05.0: reg 0x14: [io  0xd200-0xd23f]
Jan 14 12:46:20 nwalzerOSVM kernel: [    0.351786] pci 0000:00:06.0: [106b:003f] type 00 class 0x0c0310
Jan 14 12:46:20 nwalzerOSVM kernel: [    0.353250] pci 0000:00:06.0: reg 0x10: [mem 0xf1804000-0xf1804fff]
Jan 14 12:46:20 nwalzerOSVM kernel: [    0.361734] pci 0000:00:07.0: [8086:7113] type 00 class 0x068000
Jan 14 12:46:20 nwalzerOSVM kernel: [    0.362192] pci 0000:00:07.0: quirk: [io  0x4000-0x403f] claimed by PIIX4 ACPI
Jan 14 12:46:20 nwalzerOSVM kernel: [    0.362205] pci 0000:00:07.0: quirk: [io  0x4100-0x410f] claimed by PIIX4 SMB
Jan 14 12:46:20 nwalzerOSVM kernel: [    0.362481] pci 0000:00:0b.0: [8086:265c] type 00 class 0x0c0320
Jan 14 12:46:20 nwalzerOSVM kernel: [    0.363927] pci 0000:00:0b.0: reg 0x10: [mem 0xf1805000-0xf1805fff]
Jan 14 12:46:20 nwalzerOSVM kernel: [    0.372267] pci 0000:00:0d.0: [8086:2829] type 00 class 0x010601
Jan 14 12:46:20 nwalzerOSVM kernel: [    0.373767] pci 0000:00:0d.0: reg 0x10: [io  0xd240-0xd247]
Jan 14 12:46:20 nwalzerOSVM kernel: [    0.375086] pci 0000:00:0d.0: reg 0x14: [io  0xd248-0xd24b]
Jan 14 12:46:20 nwalzerOSVM kernel: [    0.376522] pci 0000:00:0d.0: reg 0x18: [io  0xd250-0xd257]
Jan 14 12:46:20 nwalzerOSVM kernel: [    0.377846] pci 0000:00:0d.0: reg 0x1c: [io  0xd258-0xd25b]
Jan 14 12:46:20 nwalzerOSVM kernel: [    0.379149] pci 0000:00:0d.0: reg 0x20: [io  0xd260-0xd26f]
Jan 14 12:46:20 nwalzerOSVM kernel: [    0.380502] pci 0000:00:0d.0: reg 0x24: [mem 0xf1806000-0xf1807fff]
Jan 14 12:46:20 nwalzerOSVM kernel: [    0.382217] pci_bus 0000:00: on NUMA node 0
Jan 14 12:46:20 nwalzerOSVM kernel: [    0.383249] ACPI: PCI Interrupt Link [LNKA] (IRQs 5 9 10 *11)
Jan 14 12:46:20 nwalzerOSVM kernel: [    0.383490] ACPI: PCI Interrupt Link [LNKB] (IRQs 5 9 *10 11)
Jan 14 12:46:20 nwalzerOSVM kernel: [    0.383579] ACPI: PCI Interrupt Link [LNKC] (IRQs 5 *9 10 11)
Jan 14 12:46:20 nwalzerOSVM kernel: [    0.383669] ACPI: PCI Interrupt Link [LNKD] (IRQs 5 9 10 *11)
Jan 14 12:46:20 nwalzerOSVM kernel: [    0.383795] ACPI: Enabled 2 GPEs in block 00 to 07
Jan 14 12:46:20 nwalzerOSVM kernel: [    0.383970] vgaarb: setting as boot device: PCI:0000:00:02.0
Jan 14 12:46:20 nwalzerOSVM kernel: [    0.383972] vgaarb: device added: PCI:0000:00:02.0,decodes=io+mem,owns=io+mem,locks=none
Jan 14 12:46:20 nwalzerOSVM kernel: [    0.383975] vgaarb: loaded
Jan 14 12:46:20 nwalzerOSVM kernel: [    0.383976] vgaarb: bridge control possible 0000:00:02.0
Jan 14 12:46:20 nwalzerOSVM kernel: [    0.384209] SCSI subsystem initialized
Jan 14 12:46:20 nwalzerOSVM kernel: [    0.384243] libata version 3.00 loaded.
Jan 14 12:46:20 nwalzerOSVM kernel: [    0.384268] ACPI: bus type USB registered
Jan 14 12:46:20 nwalzerOSVM kernel: [    0.384287] usbcore: registered new interface driver usbfs
Jan 14 12:46:20 nwalzerOSVM kernel: [    0.384294] usbcore: registered new interface driver hub
Jan 14 12:46:20 nwalzerOSVM kernel: [    0.384303] usbcore: registered new device driver usb
Jan 14 12:46:20 nwalzerOSVM kernel: [    0.384456] PCI: Using ACPI for IRQ routing
Jan 14 12:46:20 nwalzerOSVM kernel: [    0.384458] PCI: pci_cache_line_size set to 64 bytes
Jan 14 12:46:20 nwalzerOSVM kernel: [    0.384672] e820: reserve RAM buffer [mem 0x0009fc00-0x0009ffff]
Jan 14 12:46:20 nwalzerOSVM kernel: [    0.384677] e820: reserve RAM buffer [mem 0x7fff0000-0x7fffffff]
Jan 14 12:46:20 nwalzerOSVM kernel: [    0.384786] NetLabel: Initializing
Jan 14 12:46:20 nwalzerOSVM kernel: [    0.384788] NetLabel:  domain hash size = 128
Jan 14 12:46:20 nwalzerOSVM kernel: [    0.384789] NetLabel:  protocols = UNLABELED CIPSOv4
Jan 14 12:46:20 nwalzerOSVM kernel: [    0.384798] NetLabel:  unlabeled traffic allowed by default
Jan 14 12:46:20 nwalzerOSVM kernel: [    0.384902] amd_nb: Cannot enumerate AMD northbridges
Jan 14 12:46:20 nwalzerOSVM kernel: [    0.384912] clocksource: Switched to clocksource kvm-clock
Jan 14 12:46:20 nwalzerOSVM kernel: [    0.391876] AppArmor: AppArmor Filesystem Enabled
Jan 14 12:46:20 nwalzerOSVM kernel: [    0.391931] pnp: PnP ACPI init
Jan 14 12:46:20 nwalzerOSVM kernel: [    0.391988] pnp 00:00: Plug and Play ACPI device, IDs PNP0303 (active)
Jan 14 12:46:20 nwalzerOSVM kernel: [    0.392050] pnp 00:01: Plug and Play ACPI device, IDs PNP0f03 (active)
Jan 14 12:46:20 nwalzerOSVM kernel: [    0.392696] pnp: PnP ACPI: found 2 devices
Jan 14 12:46:20 nwalzerOSVM kernel: [    0.392702] PnPBIOS: Disabled by ACPI PNP
Jan 14 12:46:20 nwalzerOSVM kernel: [    0.428725] clocksource: acpi_pm: mask: 0xffffff max_cycles: 0xffffff, max_idle_ns: 2085701024 ns
Jan 14 12:46:20 nwalzerOSVM kernel: [    0.428758] pci_bus 0000:00: resource 4 [io  0x0000-0x0cf7 window]
Jan 14 12:46:20 nwalzerOSVM kernel: [    0.428760] pci_bus 0000:00: resource 5 [io  0x0d00-0xffff window]
Jan 14 12:46:20 nwalzerOSVM kernel: [    0.428762] pci_bus 0000:00: resource 6 [mem 0x000a0000-0x000bffff window]
Jan 14 12:46:20 nwalzerOSVM kernel: [    0.428764] pci_bus 0000:00: resource 7 [mem 0x80000000-0xfdffffff window]
Jan 14 12:46:20 nwalzerOSVM kernel: [    0.428795] NET: Registered protocol family 2
Jan 14 12:46:20 nwalzerOSVM kernel: [    0.428958] TCP established hash table entries: 8192 (order: 3, 32768 bytes)
Jan 14 12:46:20 nwalzerOSVM kernel: [    0.428968] TCP bind hash table entries: 8192 (order: 4, 65536 bytes)
Jan 14 12:46:20 nwalzerOSVM kernel: [    0.428978] TCP: Hash tables configured (established 8192 bind 8192)
Jan 14 12:46:20 nwalzerOSVM kernel: [    0.428989] UDP hash table entries: 512 (order: 2, 16384 bytes)
Jan 14 12:46:20 nwalzerOSVM kernel: [    0.428992] UDP-Lite hash table entries: 512 (order: 2, 16384 bytes)
Jan 14 12:46:20 nwalzerOSVM kernel: [    0.429019] NET: Registered protocol family 1
Jan 14 12:46:20 nwalzerOSVM kernel: [    0.429031] pci 0000:00:00.0: Limiting direct PCI/PCI transfers
Jan 14 12:46:20 nwalzerOSVM kernel: [    0.429119] pci 0000:00:01.0: Activating ISA DMA hang workarounds
Jan 14 12:46:20 nwalzerOSVM kernel: [    0.429152] pci 0000:00:02.0: Video device with shadowed ROM
Jan 14 12:46:20 nwalzerOSVM kernel: [    0.431417] PCI: CLS 0 bytes, default 64
Jan 14 12:46:20 nwalzerOSVM kernel: [    0.431485] Unpacking initramfs...
Jan 14 12:46:20 nwalzerOSVM kernel: [    0.954230] Freeing initrd memory: 38640K
Jan 14 12:46:20 nwalzerOSVM kernel: [    0.954397] platform rtc_cmos: registered platform RTC device (no PNP device found)
Jan 14 12:46:20 nwalzerOSVM kernel: [    0.954425] Scanning for low memory corruption every 60 seconds
Jan 14 12:46:20 nwalzerOSVM kernel: [    0.954725] audit: initializing netlink subsys (disabled)
Jan 14 12:46:20 nwalzerOSVM kernel: [    0.954738] audit: type=2000 audit(1547531043.252:1): initialized
Jan 14 12:46:20 nwalzerOSVM kernel: [    0.954955] Initialise system trusted keyring
Jan 14 12:46:20 nwalzerOSVM kernel: [    0.955029] HugeTLB registered 2 MB page size, pre-allocated 0 pages
Jan 14 12:46:20 nwalzerOSVM kernel: [    0.956149] zbud: loaded
Jan 14 12:46:20 nwalzerOSVM kernel: [    0.956259] VFS: Disk quotas dquot_6.6.0
Jan 14 12:46:20 nwalzerOSVM kernel: [    0.956286] VFS: Dquot-cache hash table entries: 1024 (order 0, 4096 bytes)
Jan 14 12:46:20 nwalzerOSVM kernel: [    0.956450] squashfs: version 4.0 (2009/01/31) Phillip Lougher
Jan 14 12:46:20 nwalzerOSVM kernel: [    0.956655] fuse init (API version 7.23)
Jan 14 12:46:20 nwalzerOSVM kernel: [    0.956761] Key type big_key registered
Jan 14 12:46:20 nwalzerOSVM kernel: [    0.956775] Allocating IMA MOK and blacklist keyrings.
Jan 14 12:46:20 nwalzerOSVM kernel: [    0.956966] Key type asymmetric registered
Jan 14 12:46:20 nwalzerOSVM kernel: [    0.956972] Asymmetric key parser 'x509' registered
Jan 14 12:46:20 nwalzerOSVM kernel: [    0.956986] bounce: pool size: 64 pages
Jan 14 12:46:20 nwalzerOSVM kernel: [    0.957012] Block layer SCSI generic (bsg) driver version 0.4 loaded (major 249)
Jan 14 12:46:20 nwalzerOSVM kernel: [    0.957079] io scheduler noop registered
Jan 14 12:46:20 nwalzerOSVM kernel: [    0.957082] io scheduler deadline registered (default)
Jan 14 12:46:20 nwalzerOSVM kernel: [    0.957110] io scheduler cfq registered
Jan 14 12:46:20 nwalzerOSVM kernel: [    0.957206] pci_hotplug: PCI Hot Plug PCI Core version: 0.5
Jan 14 12:46:20 nwalzerOSVM kernel: [    0.957212] pciehp: PCI Express Hot Plug Controller Driver version: 0.4
Jan 14 12:46:20 nwalzerOSVM kernel: [    0.957333] ACPI: AC Adapter [AC] (off-line)
Jan 14 12:46:20 nwalzerOSVM kernel: [    0.957379] input: Power Button as /devices/LNXSYSTM:00/LNXPWRBN:00/input/input0
Jan 14 12:46:20 nwalzerOSVM kernel: [    0.957382] ACPI: Power Button [PWRF]
Jan 14 12:46:20 nwalzerOSVM kernel: [    0.957450] input: Sleep Button as /devices/LNXSYSTM:00/LNXSLPBN:00/input/input1
Jan 14 12:46:20 nwalzerOSVM kernel: [    0.957453] ACPI: Sleep Button [SLPF]
Jan 14 12:46:20 nwalzerOSVM kernel: [    0.957598] GHES: HEST is not enabled!
Jan 14 12:46:20 nwalzerOSVM kernel: [    0.958308] ACPI: Battery Slot [BAT0] (battery present)
Jan 14 12:46:20 nwalzerOSVM kernel: [    0.958330] isapnp: Scanning for PnP cards...
Jan 14 12:46:20 nwalzerOSVM kernel: [    0.963884] Serial: 8250/16550 driver, 32 ports, IRQ sharing enabled
Jan 14 12:46:20 nwalzerOSVM kernel: [    0.965033] Linux agpgart interface v0.103
Jan 14 12:46:20 nwalzerOSVM kernel: [    1.009893] loop: module loaded
Jan 14 12:46:20 nwalzerOSVM kernel: [    1.010019] ata_piix 0000:00:01.1: version 2.13
Jan 14 12:46:20 nwalzerOSVM kernel: [    1.010697] scsi host0: ata_piix
Jan 14 12:46:20 nwalzerOSVM kernel: [    1.010756] scsi host1: ata_piix
Jan 14 12:46:20 nwalzerOSVM kernel: [    1.010787] ata1: PATA max UDMA/33 cmd 0x1f0 ctl 0x3f6 bmdma 0xd000 irq 14
Jan 14 12:46:20 nwalzerOSVM kernel: [    1.010788] ata2: PATA max UDMA/33 cmd 0x170 ctl 0x376 bmdma 0xd008 irq 15
Jan 14 12:46:20 nwalzerOSVM kernel: [    1.010867] libphy: Fixed MDIO Bus: probed
Jan 14 12:46:20 nwalzerOSVM kernel: [    1.010871] tun: Universal TUN/TAP device driver, 1.6
Jan 14 12:46:20 nwalzerOSVM kernel: [    1.010872] tun: (C) 1999-2004 Max Krasnyansky <maxk@qualcomm.com>
Jan 14 12:46:20 nwalzerOSVM kernel: [    1.011257] PPP generic driver version 2.4.2
Jan 14 12:46:20 nwalzerOSVM kernel: [    1.011317] ehci_hcd: USB 2.0 'Enhanced' Host Controller (EHCI) Driver
Jan 14 12:46:20 nwalzerOSVM kernel: [    1.011323] ehci-pci: EHCI PCI platform driver
Jan 14 12:46:20 nwalzerOSVM kernel: [    1.011906] ehci-pci 0000:00:0b.0: EHCI Host Controller
Jan 14 12:46:20 nwalzerOSVM kernel: [    1.011912] ehci-pci 0000:00:0b.0: new USB bus registered, assigned bus number 1
Jan 14 12:46:20 nwalzerOSVM kernel: [    1.012095] ehci-pci 0000:00:0b.0: irq 19, io mem 0xf1805000
Jan 14 12:46:20 nwalzerOSVM kernel: [    1.056484] ehci-pci 0000:00:0b.0: USB 2.0 started, EHCI 1.00
Jan 14 12:46:20 nwalzerOSVM kernel: [    1.056548] usb usb1: New USB device found, idVendor=1d6b, idProduct=0002
Jan 14 12:46:20 nwalzerOSVM kernel: [    1.056551] usb usb1: New USB device strings: Mfr=3, Product=2, SerialNumber=1
Jan 14 12:46:20 nwalzerOSVM kernel: [    1.056553] usb usb1: Product: EHCI Host Controller
Jan 14 12:46:20 nwalzerOSVM kernel: [    1.056555] usb usb1: Manufacturer: Linux 4.4.162nwalzer ehci_hcd
Jan 14 12:46:20 nwalzerOSVM kernel: [    1.056557] usb usb1: SerialNumber: 0000:00:0b.0
Jan 14 12:46:20 nwalzerOSVM kernel: [    1.056668] hub 1-0:1.0: USB hub found
Jan 14 12:46:20 nwalzerOSVM kernel: [    1.056674] hub 1-0:1.0: 12 ports detected
Jan 14 12:46:20 nwalzerOSVM kernel: [    1.056917] ehci-platform: EHCI generic platform driver
Jan 14 12:46:20 nwalzerOSVM kernel: [    1.056932] ohci_hcd: USB 1.1 'Open' Host Controller (OHCI) Driver
Jan 14 12:46:20 nwalzerOSVM kernel: [    1.056937] ohci-pci: OHCI PCI platform driver
Jan 14 12:46:20 nwalzerOSVM kernel: [    1.057547] ohci-pci 0000:00:06.0: OHCI PCI host controller
Jan 14 12:46:20 nwalzerOSVM kernel: [    1.057555] ohci-pci 0000:00:06.0: new USB bus registered, assigned bus number 2
Jan 14 12:46:20 nwalzerOSVM kernel: [    1.057626] ohci-pci 0000:00:06.0: irq 22, io mem 0xf1804000
Jan 14 12:46:20 nwalzerOSVM kernel: [    1.145832] usb usb2: New USB device found, idVendor=1d6b, idProduct=0001
Jan 14 12:46:20 nwalzerOSVM kernel: [    1.145838] usb usb2: New USB device strings: Mfr=3, Product=2, SerialNumber=1
Jan 14 12:46:20 nwalzerOSVM kernel: [    1.145841] usb usb2: Product: OHCI PCI host controller
Jan 14 12:46:20 nwalzerOSVM kernel: [    1.145843] usb usb2: Manufacturer: Linux 4.4.162nwalzer ohci_hcd
Jan 14 12:46:20 nwalzerOSVM kernel: [    1.145845] usb usb2: SerialNumber: 0000:00:06.0
Jan 14 12:46:20 nwalzerOSVM kernel: [    1.145966] hub 2-0:1.0: USB hub found
Jan 14 12:46:20 nwalzerOSVM kernel: [    1.145979] hub 2-0:1.0: 12 ports detected
Jan 14 12:46:20 nwalzerOSVM kernel: [    1.146340] ohci-platform: OHCI generic platform driver
Jan 14 12:46:20 nwalzerOSVM kernel: [    1.146353] uhci_hcd: USB Universal Host Controller Interface driver
Jan 14 12:46:20 nwalzerOSVM kernel: [    1.146432] i8042: PNP: PS/2 Controller [PNP0303:PS2K,PNP0f03:PS2M] at 0x60,0x64 irq 1,12
Jan 14 12:46:20 nwalzerOSVM kernel: [    1.146924] serio: i8042 KBD port at 0x60,0x64 irq 1
Jan 14 12:46:20 nwalzerOSVM kernel: [    1.146928] serio: i8042 AUX port at 0x60,0x64 irq 12
Jan 14 12:46:20 nwalzerOSVM kernel: [    1.147026] mousedev: PS/2 mouse device common for all mice
Jan 14 12:46:20 nwalzerOSVM kernel: [    1.147289] input: AT Translated Set 2 keyboard as /devices/platform/i8042/serio0/input/input2
Jan 14 12:46:20 nwalzerOSVM kernel: [    1.147818] rtc_cmos rtc_cmos: rtc core: registered rtc_cmos as rtc0
Jan 14 12:46:20 nwalzerOSVM kernel: [    1.147899] rtc_cmos rtc_cmos: alarms up to one day, 114 bytes nvram
Jan 14 12:46:20 nwalzerOSVM kernel: [    1.147913] i2c /dev entries driver
Jan 14 12:46:20 nwalzerOSVM kernel: [    1.147975] device-mapper: uevent: version 1.0.3
Jan 14 12:46:20 nwalzerOSVM kernel: [    1.148048] device-mapper: ioctl: 4.34.0-ioctl (2015-10-28) initialised: dm-devel@redhat.com
Jan 14 12:46:20 nwalzerOSVM kernel: [    1.148074] platform eisa.0: Probing EISA bus 0
Jan 14 12:46:20 nwalzerOSVM kernel: [    1.148076] platform eisa.0: EISA: Cannot allocate resource for mainboard
Jan 14 12:46:20 nwalzerOSVM kernel: [    1.148078] platform eisa.0: Cannot allocate resource for EISA slot 1
Jan 14 12:46:20 nwalzerOSVM kernel: [    1.148080] platform eisa.0: Cannot allocate resource for EISA slot 2
Jan 14 12:46:20 nwalzerOSVM kernel: [    1.148081] platform eisa.0: Cannot allocate resource for EISA slot 3
Jan 14 12:46:20 nwalzerOSVM kernel: [    1.148083] platform eisa.0: Cannot allocate resource for EISA slot 4
Jan 14 12:46:20 nwalzerOSVM kernel: [    1.148085] platform eisa.0: Cannot allocate resource for EISA slot 5
Jan 14 12:46:20 nwalzerOSVM kernel: [    1.148086] platform eisa.0: Cannot allocate resource for EISA slot 6
Jan 14 12:46:20 nwalzerOSVM kernel: [    1.148088] platform eisa.0: Cannot allocate resource for EISA slot 7
Jan 14 12:46:20 nwalzerOSVM kernel: [    1.148090] platform eisa.0: Cannot allocate resource for EISA slot 8
Jan 14 12:46:20 nwalzerOSVM kernel: [    1.148091] platform eisa.0: EISA: Detected 0 cards
Jan 14 12:46:20 nwalzerOSVM kernel: [    1.148112] cpufreq-nforce2: No nForce2 chipset.
Jan 14 12:46:20 nwalzerOSVM kernel: [    1.148120] ledtrig-cpu: registered to indicate activity on CPUs
Jan 14 12:46:20 nwalzerOSVM kernel: [    1.148389] NET: Registered protocol family 10
Jan 14 12:46:20 nwalzerOSVM kernel: [    1.148625] NET: Registered protocol family 17
Jan 14 12:46:20 nwalzerOSVM kernel: [    1.148634] Key type dns_resolver registered
Jan 14 12:46:20 nwalzerOSVM kernel: [    1.148759] Using IPI No-Shortcut mode
Jan 14 12:46:20 nwalzerOSVM kernel: [    1.148858] registered taskstats version 1
Jan 14 12:46:20 nwalzerOSVM kernel: [    1.148873] Loading compiled-in X.509 certificates
Jan 14 12:46:20 nwalzerOSVM kernel: [    1.150898] Loaded X.509 cert 'Build time autogenerated kernel key: 278e6e96d30f991ee68941a0a9e4f5dd5f071bd2'
Jan 14 12:46:20 nwalzerOSVM kernel: [    1.150914] zswap: loaded using pool lzo/zbud
Jan 14 12:46:20 nwalzerOSVM kernel: [    1.152608] Key type trusted registered
Jan 14 12:46:20 nwalzerOSVM kernel: [    1.156389] Key type encrypted registered
Jan 14 12:46:20 nwalzerOSVM kernel: [    1.156397] AppArmor: AppArmor sha1 policy hashing enabled
Jan 14 12:46:20 nwalzerOSVM kernel: [    1.156408] ima: No TPM chip found, activating TPM-bypass!
Jan 14 12:46:20 nwalzerOSVM kernel: [    1.156415] ima: Allocated hash algorithm: sha1
Jan 14 12:46:20 nwalzerOSVM kernel: [    1.156428] evm: HMAC attrs: 0x1
Jan 14 12:46:20 nwalzerOSVM kernel: [    1.156759]   Magic number: 3:666:430
Jan 14 12:46:20 nwalzerOSVM kernel: [    1.156833] rtc_cmos rtc_cmos: setting system clock to 2019-01-14 12:25:41 UTC (1547468741)
Jan 14 12:46:20 nwalzerOSVM kernel: [    1.156899] BIOS EDD facility v0.16 2004-Jun-25, 0 devices found
Jan 14 12:46:20 nwalzerOSVM kernel: [    1.156900] EDD information not available.
Jan 14 12:46:20 nwalzerOSVM kernel: [    1.156943] PM: Hibernation image not present or could not be loaded.
Jan 14 12:46:20 nwalzerOSVM kernel: [    1.201003] ata2.00: ATAPI: VBOX CD-ROM, 1.0, max UDMA/133
Jan 14 12:46:20 nwalzerOSVM kernel: [    1.201419] ata2.00: configured for UDMA/33
Jan 14 12:46:20 nwalzerOSVM kernel: [    1.337254] isapnp: No Plug & Play device found
Jan 14 12:46:20 nwalzerOSVM kernel: [    1.337655] scsi 1:0:0:0: CD-ROM            VBOX     CD-ROM           1.0  PQ: 0 ANSI: 5
Jan 14 12:46:20 nwalzerOSVM kernel: [    1.345707] sr 1:0:0:0: [sr0] scsi3-mmc drive: 32x/32x xa/form2 tray
Jan 14 12:46:20 nwalzerOSVM kernel: [    1.345713] cdrom: Uniform CD-ROM driver Revision: 3.20
Jan 14 12:46:20 nwalzerOSVM kernel: [    1.345898] sr 1:0:0:0: Attached scsi CD-ROM sr0
Jan 14 12:46:20 nwalzerOSVM kernel: [    1.345962] sr 1:0:0:0: Attached scsi generic sg0 type 5
Jan 14 12:46:20 nwalzerOSVM kernel: [    1.346298] Freeing unused kernel memory: 952K
Jan 14 12:46:20 nwalzerOSVM kernel: [    1.357192] Write protecting the kernel text: 8052k
Jan 14 12:46:20 nwalzerOSVM kernel: [    1.357216] Write protecting the kernel read-only data: 3148k
Jan 14 12:46:20 nwalzerOSVM kernel: [    1.357218] NX-protecting the kernel data: 6284k
Jan 14 12:46:20 nwalzerOSVM kernel: [    1.371055] random: udevadm: uninitialized urandom read (16 bytes read, 2 bits of entropy available)
Jan 14 12:46:20 nwalzerOSVM kernel: [    1.374381] random: systemd-udevd: uninitialized urandom read (16 bytes read, 2 bits of entropy available)
Jan 14 12:46:20 nwalzerOSVM kernel: [    1.374551] random: systemd-udevd: uninitialized urandom read (16 bytes read, 2 bits of entropy available)
Jan 14 12:46:20 nwalzerOSVM kernel: [    1.402565] random: udevadm: uninitialized urandom read (16 bytes read, 2 bits of entropy available)
Jan 14 12:46:20 nwalzerOSVM kernel: [    1.402617] random: udevadm: uninitialized urandom read (16 bytes read, 2 bits of entropy available)
Jan 14 12:46:20 nwalzerOSVM kernel: [    1.402708] random: udevadm: uninitialized urandom read (16 bytes read, 2 bits of entropy available)
Jan 14 12:46:20 nwalzerOSVM kernel: [    1.402803] random: udevadm: uninitialized urandom read (16 bytes read, 2 bits of entropy available)
Jan 14 12:46:20 nwalzerOSVM kernel: [    1.402861] random: udevadm: uninitialized urandom read (16 bytes read, 2 bits of entropy available)
Jan 14 12:46:20 nwalzerOSVM kernel: [    1.402927] random: udevadm: uninitialized urandom read (16 bytes read, 2 bits of entropy available)
Jan 14 12:46:20 nwalzerOSVM kernel: [    1.402982] random: udevadm: uninitialized urandom read (16 bytes read, 2 bits of entropy available)
Jan 14 12:46:20 nwalzerOSVM kernel: [    1.454449] ACPI: Video Device [GFX0] (multi-head: yes  rom: no  post: no)
Jan 14 12:46:20 nwalzerOSVM kernel: [    1.454538] input: Video Bus as /devices/LNXSYSTM:00/LNXSYBUS:00/PNP0A03:00/LNXVIDEO:00/input/input4
Jan 14 12:46:20 nwalzerOSVM kernel: [    1.480298] e1000: Intel(R) PRO/1000 Network Driver - version 7.3.21-k8-NAPI
Jan 14 12:46:20 nwalzerOSVM kernel: [    1.480300] e1000: Copyright (c) 1999-2006 Intel Corporation.
Jan 14 12:46:20 nwalzerOSVM kernel: [    1.500647] [drm] Initialized drm 1.1.0 20060810
Jan 14 12:46:20 nwalzerOSVM kernel: [    1.553084] usb 2-1: new full-speed USB device number 2 using ohci-pci
Jan 14 12:46:20 nwalzerOSVM kernel: [    1.706519] input: ImExPS/2 Generic Explorer Mouse as /devices/platform/i8042/serio1/input/input5
Jan 14 12:46:20 nwalzerOSVM kernel: [    1.846861] usb 2-1: New USB device found, idVendor=80ee, idProduct=0021
Jan 14 12:46:20 nwalzerOSVM kernel: [    1.846864] usb 2-1: New USB device strings: Mfr=1, Product=3, SerialNumber=0
Jan 14 12:46:20 nwalzerOSVM kernel: [    1.846866] usb 2-1: Product: USB Tablet
Jan 14 12:46:20 nwalzerOSVM kernel: [    1.846868] usb 2-1: Manufacturer: VirtualBox
Jan 14 12:46:20 nwalzerOSVM kernel: [    1.866676] hidraw: raw HID events driver (C) Jiri Kosina
Jan 14 12:46:20 nwalzerOSVM kernel: [    1.886229] usbcore: registered new interface driver usbhid
Jan 14 12:46:20 nwalzerOSVM kernel: [    1.886232] usbhid: USB HID core driver
Jan 14 12:46:20 nwalzerOSVM kernel: [    1.893955] input: VirtualBox USB Tablet as /devices/pci0000:00/0000:00:06.0/usb2/2-1/2-1:1.0/0003:80EE:0021.0001/input/input6
Jan 14 12:46:20 nwalzerOSVM kernel: [    1.894450] hid-generic 0003:80EE:0021.0001: input,hidraw0: USB HID v1.10 Mouse [VirtualBox USB Tablet] on usb-0000:00:06.0-1/input0
Jan 14 12:46:20 nwalzerOSVM kernel: [    1.918915] e1000 0000:00:03.0 eth0: (PCI:33MHz:32-bit) 08:00:27:94:34:09
Jan 14 12:46:20 nwalzerOSVM kernel: [    1.918923] e1000 0000:00:03.0 eth0: Intel(R) PRO/1000 Network Connection
Jan 14 12:46:20 nwalzerOSVM kernel: [    1.918952] ahci 0000:00:0d.0: version 3.0
Jan 14 12:46:20 nwalzerOSVM kernel: [    1.919621] ahci 0000:00:0d.0: SSS flag set, parallel bus scan disabled
Jan 14 12:46:20 nwalzerOSVM kernel: [    1.919821] ahci 0000:00:0d.0: AHCI 0001.0100 32 slots 1 ports 3 Gbps 0x1 impl SATA mode
Jan 14 12:46:20 nwalzerOSVM kernel: [    1.919826] ahci 0000:00:0d.0: flags: 64bit ncq stag only ccc 
Jan 14 12:46:20 nwalzerOSVM kernel: [    1.921219] e1000 0000:00:03.0 enp0s3: renamed from eth0
Jan 14 12:46:20 nwalzerOSVM kernel: [    1.922534] scsi host2: ahci
Jan 14 12:46:20 nwalzerOSVM kernel: [    1.922653] ata3: SATA max UDMA/133 abar m8192@0xf1806000 port 0xf1806100 irq 21
Jan 14 12:46:20 nwalzerOSVM kernel: [    1.923961] [drm] DMA map mode: Using physical TTM page addresses.
Jan 14 12:46:20 nwalzerOSVM kernel: [    1.924037] [drm] Capabilities:
Jan 14 12:46:20 nwalzerOSVM kernel: [    1.924039] [drm]   Cursor.
Jan 14 12:46:20 nwalzerOSVM kernel: [    1.924041] [drm]   Cursor bypass 2.
Jan 14 12:46:20 nwalzerOSVM kernel: [    1.924042] [drm]   Alpha cursor.
Jan 14 12:46:20 nwalzerOSVM kernel: [    1.924044] [drm]   3D.
Jan 14 12:46:20 nwalzerOSVM kernel: [    1.924045] [drm]   Extended Fifo.
Jan 14 12:46:20 nwalzerOSVM kernel: [    1.924046] [drm]   Pitchlock.
Jan 14 12:46:20 nwalzerOSVM kernel: [    1.924048] [drm]   Irq mask.
Jan 14 12:46:20 nwalzerOSVM kernel: [    1.924049] [drm]   GMR.
Jan 14 12:46:20 nwalzerOSVM kernel: [    1.924050] [drm]   Traces.
Jan 14 12:46:20 nwalzerOSVM kernel: [    1.924051] [drm]   GMR2.
Jan 14 12:46:20 nwalzerOSVM kernel: [    1.924053] [drm]   Screen Object 2.
Jan 14 12:46:20 nwalzerOSVM kernel: [    1.924054] [drm] Max GMR ids is 8192
Jan 14 12:46:20 nwalzerOSVM kernel: [    1.924056] [drm] Max number of GMR pages is 1048576
Jan 14 12:46:20 nwalzerOSVM kernel: [    1.924057] [drm] Max dedicated hypervisor surface memory is 507904 kiB
Jan 14 12:46:20 nwalzerOSVM kernel: [    1.924059] [drm] Maximum display memory size is 16384 kiB
Jan 14 12:46:20 nwalzerOSVM kernel: [    1.924061] [drm] VRAM at 0xf0000000 size is 16384 kiB
Jan 14 12:46:20 nwalzerOSVM kernel: [    1.924062] [drm] MMIO at 0xf1000000 size is 2048 kiB
Jan 14 12:46:20 nwalzerOSVM kernel: [    1.924065] [drm] global init.
Jan 14 12:46:20 nwalzerOSVM kernel: [    1.924487] [TTM] Zone  kernel: Available graphics memory: 439276 kiB
Jan 14 12:46:20 nwalzerOSVM kernel: [    1.924489] [TTM] Zone highmem: Available graphics memory: 1031120 kiB
Jan 14 12:46:20 nwalzerOSVM kernel: [    1.924491] [TTM] Initializing pool allocator
Jan 14 12:46:20 nwalzerOSVM kernel: [    1.924497] [TTM] Initializing DMA pool allocator
Jan 14 12:46:20 nwalzerOSVM kernel: [    1.924710] [drm] Supports vblank timestamp caching Rev 2 (21.10.2013).
Jan 14 12:46:20 nwalzerOSVM kernel: [    1.924713] [drm] No driver support for vblank timestamp query.
Jan 14 12:46:20 nwalzerOSVM kernel: [    1.925691] [drm] Screen Objects Display Unit initialized
Jan 14 12:46:20 nwalzerOSVM kernel: [    1.925751] [drm] width 720
Jan 14 12:46:20 nwalzerOSVM kernel: [    1.925764] [drm] height 400
Jan 14 12:46:20 nwalzerOSVM kernel: [    1.925777] [drm] bpp 32
Jan 14 12:46:20 nwalzerOSVM kernel: [    1.926007] [drm] Fifo max 0x00200000 min 0x00001000 cap 0x00000311
Jan 14 12:46:20 nwalzerOSVM kernel: [    1.926017] [drm] DX: no.
Jan 14 12:46:20 nwalzerOSVM kernel: [    1.932177] fbcon: svgadrmfb (fb0) is primary device
Jan 14 12:46:20 nwalzerOSVM kernel: [    1.953640] tsc: Refined TSC clocksource calibration: 2709.978 MHz
Jan 14 12:46:20 nwalzerOSVM kernel: [    1.953644] clocksource: tsc: mask: 0xffffffffffffffff max_cycles: 0x2710104510c, max_idle_ns: 440795281406 ns
Jan 14 12:46:20 nwalzerOSVM kernel: [    1.955370] Console: switching to colour frame buffer device 100x37
Jan 14 12:46:20 nwalzerOSVM kernel: [    1.957880] [drm] Initialized vmwgfx 2.9.0 20150810 for 0000:00:02.0 on minor 0
Jan 14 12:46:20 nwalzerOSVM kernel: [    2.241373] ata3: SATA link up 3.0 Gbps (SStatus 123 SControl 300)
Jan 14 12:46:20 nwalzerOSVM kernel: [    2.241664] ata3.00: ATA-6: VBOX HARDDISK, 1.0, max UDMA/133
Jan 14 12:46:20 nwalzerOSVM kernel: [    2.241671] ata3.00: 62914560 sectors, multi 128: LBA48 NCQ (depth 31/32)
Jan 14 12:46:20 nwalzerOSVM kernel: [    2.242249] ata3.00: configured for UDMA/133
Jan 14 12:46:20 nwalzerOSVM kernel: [    2.242429] scsi 2:0:0:0: Direct-Access     ATA      VBOX HARDDISK    1.0  PQ: 0 ANSI: 5
Jan 14 12:46:20 nwalzerOSVM kernel: [    2.242852] sd 2:0:0:0: [sda] 62914560 512-byte logical blocks: (32.2 GB/30.0 GiB)
Jan 14 12:46:20 nwalzerOSVM kernel: [    2.242921] sd 2:0:0:0: [sda] Write Protect is off
Jan 14 12:46:20 nwalzerOSVM kernel: [    2.242928] sd 2:0:0:0: [sda] Mode Sense: 00 3a 00 00
Jan 14 12:46:20 nwalzerOSVM kernel: [    2.242957] sd 2:0:0:0: [sda] Write cache: enabled, read cache: enabled, doesn't support DPO or FUA
Jan 14 12:46:20 nwalzerOSVM kernel: [    2.243283] sd 2:0:0:0: Attached scsi generic sg1 type 0
Jan 14 12:46:20 nwalzerOSVM kernel: [    2.278388]  sda: sda1 sda2 < sda5 >
Jan 14 12:46:20 nwalzerOSVM kernel: [    2.278928] sd 2:0:0:0: [sda] Attached SCSI disk
Jan 14 12:46:20 nwalzerOSVM kernel: [    2.518659] EXT4-fs (sda1): mounted filesystem with ordered data mode. Opts: (null)
Jan 14 12:46:20 nwalzerOSVM kernel: [    3.958277] random: nonblocking pool is initialized
Jan 14 12:46:20 nwalzerOSVM kernel: [    6.979781] lp: driver loaded but no devices found
Jan 14 12:46:20 nwalzerOSVM kernel: [    7.006576] EXT4-fs (sda1): re-mounted. Opts: errors=remount-ro
Jan 14 12:46:20 nwalzerOSVM kernel: [    7.077839] ppdev: user-space parallel port driver
Jan 14 12:46:20 nwalzerOSVM kernel: [   11.562247] vgdrvHeartbeatInit: Setting up heartbeat to trigger every 2000 milliseconds
Jan 14 12:46:20 nwalzerOSVM kernel: [   11.563747] input: Unspecified device as /devices/pci0000:00/0000:00:04.0/input/input7
Jan 14 12:46:20 nwalzerOSVM kernel: [   11.563896] vboxguest: misc device minor 55, IRQ 20, I/O port d040, MMIO at 00000000f1400000 (size 0x400000)
Jan 14 12:46:20 nwalzerOSVM kernel: [   11.563899] vboxguest: Successfully loaded version 5.0.18_Ubuntu (interface 0x00010004)
Jan 14 12:46:20 nwalzerOSVM kernel: [   11.649105] piix4_smbus 0000:00:07.0: SMBus Host Controller at 0x4100, revision 0
Jan 14 12:46:20 nwalzerOSVM kernel: [   13.156049] audit: type=1400 audit(1547487975.531:2): apparmor="STATUS" operation="profile_load" profile="unconfined" name="/usr/lib/lightdm/lightdm-guest-session" pid=416 comm="apparmor_parser"
Jan 14 12:46:20 nwalzerOSVM kernel: [   13.156057] audit: type=1400 audit(1547487975.531:3): apparmor="STATUS" operation="profile_load" profile="unconfined" name="/usr/lib/lightdm/lightdm-guest-session//chromium" pid=416 comm="apparmor_parser"
Jan 14 12:46:20 nwalzerOSVM kernel: [   13.182046] intel_rapl: no valid rapl domains found in package 0
Jan 14 12:46:20 nwalzerOSVM kernel: [   13.263569] snd_intel8x0 0000:00:05.0: disable (unknown or VT-d) VM optimization
Jan 14 12:46:20 nwalzerOSVM kernel: [   13.345316] audit: type=1400 audit(1547487975.719:4): apparmor="STATUS" operation="profile_load" profile="unconfined" name="/sbin/dhclient" pid=517 comm="apparmor_parser"
Jan 14 12:46:20 nwalzerOSVM kernel: [   13.345325] audit: type=1400 audit(1547487975.719:5): apparmor="STATUS" operation="profile_load" profile="unconfined" name="/usr/lib/NetworkManager/nm-dhcp-client.action" pid=517 comm="apparmor_parser"
Jan 14 12:46:20 nwalzerOSVM kernel: [   13.345331] audit: type=1400 audit(1547487975.719:6): apparmor="STATUS" operation="profile_load" profile="unconfined" name="/usr/lib/NetworkManager/nm-dhcp-helper" pid=517 comm="apparmor_parser"
Jan 14 12:46:20 nwalzerOSVM kernel: [   13.345336] audit: type=1400 audit(1547487975.719:7): apparmor="STATUS" operation="profile_load" profile="unconfined" name="/usr/lib/connman/scripts/dhclient-script" pid=517 comm="apparmor_parser"
Jan 14 12:46:20 nwalzerOSVM kernel: [   14.960382] snd_intel8x0 0000:00:05.0: white list rate for 1028:0177 is 48000
Jan 14 12:46:20 nwalzerOSVM kernel: [   14.963515] audit: type=1400 audit(1547487977.339:8): apparmor="STATUS" operation="profile_load" profile="unconfined" name="/usr/bin/evince" pid=520 comm="apparmor_parser"
Jan 14 12:46:20 nwalzerOSVM kernel: [   14.963531] audit: type=1400 audit(1547487977.339:9): apparmor="STATUS" operation="profile_load" profile="unconfined" name="/usr/bin/evince//sanitized_helper" pid=520 comm="apparmor_parser"
Jan 14 12:46:20 nwalzerOSVM kernel: [   14.963542] audit: type=1400 audit(1547487977.339:10): apparmor="STATUS" operation="profile_load" profile="unconfined" name="/usr/bin/evince-previewer" pid=520 comm="apparmor_parser"
Jan 14 12:46:20 nwalzerOSVM kernel: [   14.963554] audit: type=1400 audit(1547487977.339:11): apparmor="STATUS" operation="profile_load" profile="unconfined" name="/usr/bin/evince-previewer//sanitized_helper" pid=520 comm="apparmor_parser"
Jan 14 12:46:20 nwalzerOSVM kernel: [   16.958356] Adding 2095100k swap on /dev/sda5.  Priority:-1 extents:1 across:2095100k FS
Jan 14 12:46:21 nwalzerOSVM cron[639]: (CRON) INFO (Running @reboot jobs)
Jan 14 12:46:22 nwalzerOSVM gpu-manager[615]: update-alternatives: error: no alternatives for i386-linux-gnu_gfxcore_conf
Jan 14 12:46:22 nwalzerOSVM ModemManager[634]: <info>  ModemManager (version 1.6.4) starting in system bus...
Jan 14 12:46:23 nwalzerOSVM dbus[642]: [system] AppArmor D-Bus mediation is enabled
Jan 14 12:46:23 nwalzerOSVM avahi-daemon[598]: Successfully called chroot().
Jan 14 12:46:23 nwalzerOSVM avahi-daemon[598]: Successfully dropped remaining capabilities.
Jan 14 12:46:23 nwalzerOSVM dbus[642]: [system] Successfully activated service 'org.freedesktop.systemd1'
Jan 14 12:46:23 nwalzerOSVM systemd[1]: Started Avahi mDNS/DNS-SD Stack.
Jan 14 12:46:23 nwalzerOSVM systemd[1]: Started Make remote CUPS printers available locally.
Jan 14 12:46:23 nwalzerOSVM systemd[1]: Starting Network Manager...
Jan 14 12:46:23 nwalzerOSVM systemd[1]: Starting Save/Restore Sound Card State...
Jan 14 12:46:23 nwalzerOSVM systemd[1]: Started System Logging Service.
Jan 14 12:46:23 nwalzerOSVM systemd[1]: Started Detect the available GPUs and deal with any system changes.
Jan 14 12:46:23 nwalzerOSVM systemd[1]: Started Permit User Sessions.
Jan 14 12:46:23 nwalzerOSVM systemd[1]: Started Restore /etc/resolv.conf if the system crashed before the ppp link was shut down.
Jan 14 12:46:23 nwalzerOSVM systemd[1]: Started Save/Restore Sound Card State.
Jan 14 12:46:23 nwalzerOSVM avahi-daemon[598]: No service file found in /etc/avahi/services.
Jan 14 12:46:23 nwalzerOSVM thermald[627]: NO RAPL sysfs present
Jan 14 12:46:23 nwalzerOSVM thermald[627]: 22 CPUID levels; family:model:stepping 0x6:8e:9 (6:142:9)
Jan 14 12:46:23 nwalzerOSVM thermald[627]: Polling mode is enabled: 4
Jan 14 12:46:23 nwalzerOSVM thermald[627]: Thermal DTS: No coretemp sysfs found
Jan 14 12:46:23 nwalzerOSVM dbus[642]: [system] Activating via systemd: service name='org.freedesktop.PolicyKit1' unit='polkitd.service'
Jan 14 12:46:23 nwalzerOSVM systemd[1]: Started Thermal Daemon Service.
Jan 14 12:46:23 nwalzerOSVM systemd[1]: Started Login Service.
Jan 14 12:46:23 nwalzerOSVM avahi-daemon[598]: Network interface enumeration completed.
Jan 14 12:46:23 nwalzerOSVM avahi-daemon[598]: Server startup complete. Host name is nwalzerOSVM.local. Local service cookie is 1483606440.
Jan 14 12:46:23 nwalzerOSVM systemd[1]: Starting Authenticate and Authorize Users to Run Privileged Tasks...
Jan 14 12:46:23 nwalzerOSVM systemd[1]: Starting Light Display Manager...
Jan 14 12:46:23 nwalzerOSVM snapd[624]: AppArmor status: apparmor is enabled and all features are available
Jan 14 12:46:24 nwalzerOSVM thermald[627]: Thermal DTS or hwmon: No Zones present Need to configure manually
Jan 14 12:46:24 nwalzerOSVM thermald[627]: No thermal sensors found
Jan 14 12:46:24 nwalzerOSVM thermald[627]: THD engine start failed
Jan 14 12:46:24 nwalzerOSVM snapd[624]: 2019/01/14 12:46:24.861542 daemon.go:343: started snapd/2.34.2 (series 16; classic) ubuntu/16.04 (i386) linux/4.4.162nwalzer.
Jan 14 12:46:24 nwalzerOSVM systemd[1]: Started Snappy daemon.
Jan 14 12:46:24 nwalzerOSVM systemd[1]: Starting Wait until snapd is fully seeded...
Jan 14 12:46:24 nwalzerOSVM dbus[642]: [system] Activating via systemd: service name='org.freedesktop.Accounts' unit='accounts-daemon.service'
Jan 14 12:46:25 nwalzerOSVM polkitd[736]: started daemon version 0.105 using authority implementation `local' version `0.105'
Jan 14 12:46:25 nwalzerOSVM NetworkManager[715]: <info>  [1547487985.1890] NetworkManager (version 1.2.6) is starting...
Jan 14 12:46:25 nwalzerOSVM dbus[642]: [system] Successfully activated service 'org.freedesktop.PolicyKit1'
Jan 14 12:46:25 nwalzerOSVM systemd[1]: Started Authenticate and Authorize Users to Run Privileged Tasks.
Jan 14 12:46:25 nwalzerOSVM NetworkManager[715]: <info>  [1547487985.2027] Read config: /etc/NetworkManager/NetworkManager.conf (etc: default-wifi-powersave-on.conf)
Jan 14 12:46:25 nwalzerOSVM accounts-daemon[599]: started daemon version 0.6.40
Jan 14 12:46:25 nwalzerOSVM dbus[642]: [system] Successfully activated service 'org.freedesktop.Accounts'
Jan 14 12:46:25 nwalzerOSVM systemd[1]: Started Accounts Service.
Jan 14 12:46:25 nwalzerOSVM NetworkManager[715]: <info>  [1547487985.2499] manager[0xa096100]: monitoring kernel firmware directory '/lib/firmware'.
Jan 14 12:46:25 nwalzerOSVM NetworkManager[715]: <info>  [1547487985.2507] monitoring ifupdown state file '/run/network/ifstate'.
Jan 14 12:46:25 nwalzerOSVM systemd[1]: Received SIGRTMIN+20 from PID 397 (plymouthd).
Jan 14 12:46:25 nwalzerOSVM apport[609]:  * Starting automatic crash report generation: apport
Jan 14 12:46:25 nwalzerOSVM systemd[1]: Started Raise network interfaces.
Jan 14 12:46:25 nwalzerOSVM NetworkManager[715]: <info>  [1547487985.4423] dns-mgr[0xa0880b0]: init: dns=dnsmasq, rc-manager=resolvconf, plugin=dnsmasq
Jan 14 12:46:25 nwalzerOSVM speech-dispatcher[601]:  * speech-dispatcher disabled; edit /etc/default/speech-dispatcher
Jan 14 12:46:25 nwalzerOSVM irqbalance[603]:  * Starting SMP IRQ Balancer: irqbalance
Jan 14 12:46:25 nwalzerOSVM systemd[1]: Started LSB: Speech Dispatcher.
Jan 14 12:46:25 nwalzerOSVM systemd[1]: Started Wait until snapd is fully seeded.
Jan 14 12:46:25 nwalzerOSVM snapd[624]: 2019/01/14 12:46:25.589433 stateengine.go:101: state ensure error: Get https://api.snapcraft.io/api/v1/snaps/sections: dial tcp: lookup api.snapcraft.io on [::1]:53: read udp [::1]:47800->[::1]:53: read: connection refused
Jan 14 12:46:25 nwalzerOSVM systemd[1]: Started LSB: Set the CPU Frequency Scaling governor to "ondemand".
Jan 14 12:46:25 nwalzerOSVM systemd[1]: Started Network Manager.
Jan 14 12:46:25 nwalzerOSVM systemd[1]: Starting Network Manager Wait Online...
Jan 14 12:46:25 nwalzerOSVM systemd[1]: Reached target Network.
Jan 14 12:46:25 nwalzerOSVM systemd[1]: Started Unattended Upgrades Shutdown.
Jan 14 12:46:25 nwalzerOSVM dbus[642]: [system] Activating via systemd: service name='org.freedesktop.nm_dispatcher' unit='dbus-org.freedesktop.nm-dispatcher.service'
Jan 14 12:46:25 nwalzerOSVM apport[609]:    ...done.
Jan 14 12:46:25 nwalzerOSVM systemd[1]: Started LSB: automatic crash report generation.
Jan 14 12:46:25 nwalzerOSVM systemd[1]: Starting Network Manager Script Dispatcher Service...
Jan 14 12:46:25 nwalzerOSVM /usr/sbin/irqbalance: Balancing is ineffective on systems with a single cpu.  Shutting down
Jan 14 12:46:25 nwalzerOSVM irqbalance[603]:    ...done.
Jan 14 12:46:25 nwalzerOSVM systemd[1]: Started LSB: daemon to balance interrupts for SMP systems.
Jan 14 12:46:26 nwalzerOSVM systemd[1]: Started LSB: Record successful boot for GRUB.
Jan 14 12:46:26 nwalzerOSVM dbus[642]: [system] Successfully activated service 'org.freedesktop.nm_dispatcher'
Jan 14 12:46:26 nwalzerOSVM systemd[1]: Started Network Manager Script Dispatcher Service.
Jan 14 12:46:26 nwalzerOSVM NetworkManager[715]: <info>  [1547487986.3297] init!
Jan 14 12:46:26 nwalzerOSVM NetworkManager[715]: <info>  [1547487986.3340] management mode: unmanaged
Jan 14 12:46:26 nwalzerOSVM NetworkManager[715]: <info>  [1547487986.3375] devices added (path: /sys/devices/pci0000:00/0000:00:03.0/net/enp0s3, iface: enp0s3)
Jan 14 12:46:26 nwalzerOSVM NetworkManager[715]: <info>  [1547487986.3385] device added (path: /sys/devices/pci0000:00/0000:00:03.0/net/enp0s3, iface: enp0s3): no ifupdown configuration found.
Jan 14 12:46:26 nwalzerOSVM NetworkManager[715]: <info>  [1547487986.3398] devices added (path: /sys/devices/virtual/net/lo, iface: lo)
Jan 14 12:46:26 nwalzerOSVM NetworkManager[715]: <info>  [1547487986.3398] device added (path: /sys/devices/virtual/net/lo, iface: lo): no ifupdown configuration found.
Jan 14 12:46:26 nwalzerOSVM NetworkManager[715]: <info>  [1547487986.3400] end _init.
Jan 14 12:46:26 nwalzerOSVM NetworkManager[715]: <info>  [1547487986.3401] settings: loaded plugin ifupdown: (C) 2008 Canonical Ltd.  To report bugs please use the NetworkManager mailing list. (/usr/lib/i386-linux-gnu/NetworkManager/libnm-settings-plugin-ifupdown.so)
Jan 14 12:46:26 nwalzerOSVM NetworkManager[715]: <info>  [1547487986.3403] settings: loaded plugin keyfile: (c) 2007 - 2015 Red Hat, Inc.  To report bugs please use the NetworkManager mailing list.
Jan 14 12:46:26 nwalzerOSVM NetworkManager[715]: <info>  [1547487986.3788] SettingsPlugin-Ofono: init!
Jan 14 12:46:26 nwalzerOSVM NetworkManager[715]: <warn>  [1547487986.3791] SettingsPlugin-Ofono: file doesn't exist: /var/lib/ofono
Jan 14 12:46:26 nwalzerOSVM NetworkManager[715]: <info>  [1547487986.3791] SettingsPlugin-Ofono: end _init.
Jan 14 12:46:26 nwalzerOSVM NetworkManager[715]: <info>  [1547487986.3792] settings: loaded plugin ofono: (C) 2013-2016 Canonical Ltd.  To report bugs please use the NetworkManager mailing list. (/usr/lib/i386-linux-gnu/NetworkManager/libnm-settings-plugin-ofono.so)
Jan 14 12:46:26 nwalzerOSVM NetworkManager[715]: <info>  [1547487986.3793] (168484656) ... get_connections.
Jan 14 12:46:26 nwalzerOSVM NetworkManager[715]: <info>  [1547487986.3794] (168484656) ... get_connections (managed=false): return empty list.
Jan 14 12:46:26 nwalzerOSVM NetworkManager[715]: <info>  [1547487986.4029] SettingsPlugin-Ofono: (168484776) ... get_connections.
Jan 14 12:46:26 nwalzerOSVM NetworkManager[715]: <info>  [1547487986.4030] SettingsPlugin-Ofono: (168484776) connections count: 0
Jan 14 12:46:26 nwalzerOSVM NetworkManager[715]: <info>  [1547487986.4033] get unmanaged devices count: 0
Jan 14 12:46:26 nwalzerOSVM dbus[642]: [system] Activating via systemd: service name='org.freedesktop.hostname1' unit='dbus-org.freedesktop.hostname1.service'
Jan 14 12:46:26 nwalzerOSVM systemd[1]: Starting Hostname Service...
Jan 14 12:46:26 nwalzerOSVM dbus[642]: [system] Successfully activated service 'org.freedesktop.hostname1'
Jan 14 12:46:26 nwalzerOSVM systemd[1]: Started Hostname Service.
Jan 14 12:46:26 nwalzerOSVM NetworkManager[715]: <info>  [1547487986.6895] settings: hostname: using hostnamed
Jan 14 12:46:26 nwalzerOSVM NetworkManager[715]: <info>  [1547487986.6910] settings: hostname changed from (none) to "nwalzerOSVM"
Jan 14 12:46:26 nwalzerOSVM NetworkManager[715]: <info>  [1547487986.6938] Using DHCP client 'dhclient'
Jan 14 12:46:26 nwalzerOSVM NetworkManager[715]: <info>  [1547487986.6939] manager: WiFi enabled by radio killswitch; enabled by state file
Jan 14 12:46:26 nwalzerOSVM NetworkManager[715]: <info>  [1547487986.6941] manager: WWAN enabled by radio killswitch; enabled by state file
Jan 14 12:46:26 nwalzerOSVM nm-dispatcher: req:1 'hostname': new request (1 scripts)
Jan 14 12:46:26 nwalzerOSVM NetworkManager[715]: <info>  [1547487986.6944] manager: Networking is enabled by state file
Jan 14 12:46:26 nwalzerOSVM nm-dispatcher: req:1 'hostname': start running ordered scripts...
Jan 14 12:46:26 nwalzerOSVM NetworkManager[715]: <info>  [1547487986.6947] Loaded device plugin: NMVxlanFactory (internal)
Jan 14 12:46:26 nwalzerOSVM NetworkManager[715]: <info>  [1547487986.6949] Loaded device plugin: NMVlanFactory (internal)
Jan 14 12:46:26 nwalzerOSVM NetworkManager[715]: <info>  [1547487986.6950] Loaded device plugin: NMVethFactory (internal)
Jan 14 12:46:26 nwalzerOSVM NetworkManager[715]: <info>  [1547487986.6953] Loaded device plugin: NMTunFactory (internal)
Jan 14 12:46:26 nwalzerOSVM NetworkManager[715]: <info>  [1547487986.6955] Loaded device plugin: NMMacvlanFactory (internal)
Jan 14 12:46:26 nwalzerOSVM NetworkManager[715]: <info>  [1547487986.7090] Loaded device plugin: NMIPTunnelFactory (internal)
Jan 14 12:46:26 nwalzerOSVM NetworkManager[715]: <info>  [1547487986.7094] Loaded device plugin: NMInfinibandFactory (internal)
Jan 14 12:46:26 nwalzerOSVM NetworkManager[715]: <info>  [1547487986.7095] Loaded device plugin: NMEthernetFactory (internal)
Jan 14 12:46:26 nwalzerOSVM NetworkManager[715]: <info>  [1547487986.7097] Loaded device plugin: NMBridgeFactory (internal)
Jan 14 12:46:26 nwalzerOSVM NetworkManager[715]: <info>  [1547487986.7097] Loaded device plugin: NMBondFactory (internal)
Jan 14 12:46:27 nwalzerOSVM NetworkManager[715]: <info>  [1547487987.1044] Loaded device plugin: NMBluezManager (/usr/lib/i386-linux-gnu/NetworkManager/libnm-device-plugin-bluetooth.so)
Jan 14 12:46:27 nwalzerOSVM systemd[1]: Received SIGRTMIN+21 from PID 397 (plymouthd).
Jan 14 12:46:27 nwalzerOSVM systemd[1]: Started Light Display Manager.
Jan 14 12:46:27 nwalzerOSVM systemd[1]: Started Modem Manager.
Jan 14 12:46:27 nwalzerOSVM NetworkManager[715]: <info>  [1547487987.2825] Loaded device plugin: NMWwanFactory (/usr/lib/i386-linux-gnu/NetworkManager/libnm-device-plugin-wwan.so)
Jan 14 12:46:27 nwalzerOSVM NetworkManager[715]: <info>  [1547487987.4200] Loaded device plugin: NMAtmManager (/usr/lib/i386-linux-gnu/NetworkManager/libnm-device-plugin-adsl.so)
Jan 14 12:46:27 nwalzerOSVM NetworkManager[715]: <info>  [1547487987.5343] Loaded device plugin: NMWifiFactory (/usr/lib/i386-linux-gnu/NetworkManager/libnm-device-plugin-wifi.so)
Jan 14 12:46:27 nwalzerOSVM NetworkManager[715]: nm_device_get_device_type: assertion 'NM_IS_DEVICE (self)' failed
Jan 14 12:46:27 nwalzerOSVM NetworkManager[715]: <info>  [1547487987.5820] device (lo): link connected
Jan 14 12:46:27 nwalzerOSVM NetworkManager[715]: <info>  [1547487987.5879] manager: (lo): new Generic device (/org/freedesktop/NetworkManager/Devices/0)
Jan 14 12:46:27 nwalzerOSVM NetworkManager[715]: <info>  [1547487987.6004] manager: (enp0s3): new Ethernet device (/org/freedesktop/NetworkManager/Devices/1)
Jan 14 12:46:27 nwalzerOSVM NetworkManager[715]: <info>  [1547487987.6104] keyfile: add connection in-memory (274dcb52-78a6-30ab-901c-63e137a024c9,"Wired connection 1")
Jan 14 12:46:27 nwalzerOSVM NetworkManager[715]: <info>  [1547487987.6241] settings: (enp0s3): created default wired connection 'Wired connection 1'
Jan 14 12:46:27 nwalzerOSVM NetworkManager[715]: <info>  [1547487987.6344] device (enp0s3): state change: unmanaged -> unavailable (reason 'managed') [10 20 2]
Jan 14 12:46:27 nwalzerOSVM kernel: [   25.258244] IPv6: ADDRCONF(NETDEV_UP): enp0s3: link is not ready
Jan 14 12:46:27 nwalzerOSVM kernel: [   25.266767] IPv6: ADDRCONF(NETDEV_UP): enp0s3: link is not ready
Jan 14 12:46:27 nwalzerOSVM kernel: [   25.267387] e1000: enp0s3 NIC Link is Up 1000 Mbps Full Duplex, Flow Control: RX
Jan 14 12:46:27 nwalzerOSVM kernel: [   25.269068] IPv6: ADDRCONF(NETDEV_CHANGE): enp0s3: link becomes ready
Jan 14 12:46:27 nwalzerOSVM NetworkManager[715]: <info>  [1547487987.6513] device (enp0s3): link connected
Jan 14 12:46:27 nwalzerOSVM NetworkManager[715]: <info>  [1547487987.8091] urfkill disappeared from the bus
Jan 14 12:46:27 nwalzerOSVM NetworkManager[715]: <info>  [1547487987.8373] device (enp0s3): state change: unavailable -> disconnected (reason 'none') [20 30 0]
Jan 14 12:46:27 nwalzerOSVM NetworkManager[715]: <info>  [1547487987.8457] ofono is now available
Jan 14 12:46:27 nwalzerOSVM NetworkManager[715]: <info>  [1547487987.8499] ModemManager available in the bus
Jan 14 12:46:27 nwalzerOSVM NetworkManager[715]: <warn>  [1547487987.8504] failed to enumerate oFono devices: GDBus.Error:org.freedesktop.DBus.Error.ServiceUnknown: The name org.ofono was not provided by any .service files
Jan 14 12:46:27 nwalzerOSVM NetworkManager[715]: <info>  [1547487987.8581] policy: auto-activating connection 'Wired connection 1'
Jan 14 12:46:27 nwalzerOSVM NetworkManager[715]: <info>  [1547487987.8677] device (enp0s3): Activation: starting connection 'Wired connection 1' (274dcb52-78a6-30ab-901c-63e137a024c9)
Jan 14 12:46:27 nwalzerOSVM NetworkManager[715]: <info>  [1547487987.8707] device (enp0s3): state change: disconnected -> prepare (reason 'none') [30 40 0]
Jan 14 12:46:27 nwalzerOSVM NetworkManager[715]: <info>  [1547487987.8744] manager: NetworkManager state is now CONNECTING
Jan 14 12:46:27 nwalzerOSVM NetworkManager[715]: <info>  [1547487987.8826] device (enp0s3): state change: prepare -> config (reason 'none') [40 50 0]
Jan 14 12:46:27 nwalzerOSVM NetworkManager[715]: <info>  [1547487987.8989] device (enp0s3): state change: config -> ip-config (reason 'none') [50 70 0]
Jan 14 12:46:27 nwalzerOSVM NetworkManager[715]: <info>  [1547487987.9279] dhcp4 (enp0s3): activation: beginning transaction (timeout in 45 seconds)
Jan 14 12:46:28 nwalzerOSVM NetworkManager[715]: <info>  [1547487988.1736] dhcp4 (enp0s3): dhclient started with pid 825
Jan 14 12:46:28 nwalzerOSVM dhclient[825]: DHCPREQUEST of 10.0.2.15 on enp0s3 to 255.255.255.255 port 67 (xid=0x6d9be803)
Jan 14 12:46:28 nwalzerOSVM dhclient[825]: DHCPACK of 10.0.2.15 from 10.0.2.2
Jan 14 12:46:28 nwalzerOSVM NetworkManager[715]: <info>  [1547487988.6365]   address 10.0.2.15
Jan 14 12:46:28 nwalzerOSVM NetworkManager[715]: <info>  [1547487988.6383]   plen 24 (255.255.255.0)
Jan 14 12:46:28 nwalzerOSVM NetworkManager[715]: <info>  [1547487988.6394]   gateway 10.0.2.2
Jan 14 12:46:28 nwalzerOSVM NetworkManager[715]: <info>  [1547487988.6406]   server identifier 10.0.2.2
Jan 14 12:46:28 nwalzerOSVM NetworkManager[715]: <info>  [1547487988.6406]   lease time 86400
Jan 14 12:46:28 nwalzerOSVM NetworkManager[715]: <info>  [1547487988.6407]   nameserver '192.168.1.1'
Jan 14 12:46:28 nwalzerOSVM NetworkManager[715]: <info>  [1547487988.6408]   domain name 'lan1'
Jan 14 12:46:28 nwalzerOSVM NetworkManager[715]: <info>  [1547487988.6409] dhcp4 (enp0s3): state changed unknown -> bound
Jan 14 12:46:28 nwalzerOSVM avahi-daemon[598]: Joining mDNS multicast group on interface enp0s3.IPv4 with address 10.0.2.15.
Jan 14 12:46:28 nwalzerOSVM avahi-daemon[598]: New relevant interface enp0s3.IPv4 for mDNS.
Jan 14 12:46:28 nwalzerOSVM avahi-daemon[598]: Registering new address record for 10.0.2.15 on enp0s3.IPv4.
Jan 14 12:46:28 nwalzerOSVM dhclient[825]: bound to 10.0.2.15 -- renewal in 38468 seconds.
Jan 14 12:46:28 nwalzerOSVM NetworkManager[715]: <info>  [1547487988.6669] device (enp0s3): state change: ip-config -> ip-check (reason 'none') [70 80 0]
Jan 14 12:46:28 nwalzerOSVM NetworkManager[715]: <info>  [1547487988.6900] device (enp0s3): state change: ip-check -> secondaries (reason 'none') [80 90 0]
Jan 14 12:46:28 nwalzerOSVM NetworkManager[715]: <info>  [1547487988.7040] device (enp0s3): state change: secondaries -> activated (reason 'none') [90 100 0]
Jan 14 12:46:28 nwalzerOSVM NetworkManager[715]: <info>  [1547487988.7050] manager: NetworkManager state is now CONNECTED_LOCAL
Jan 14 12:46:28 nwalzerOSVM NetworkManager[715]: <info>  [1547487988.7215] manager: NetworkManager state is now CONNECTED_GLOBAL
Jan 14 12:46:28 nwalzerOSVM NetworkManager[715]: <info>  [1547487988.7230] policy: set 'Wired connection 1' (enp0s3) as default for IPv4 routing and DNS
Jan 14 12:46:28 nwalzerOSVM NetworkManager[715]: <info>  [1547487988.7262] dns-plugin[0xa09e108]: starting dnsmasq...
Jan 14 12:46:28 nwalzerOSVM NetworkManager[715]: <info>  [1547487988.7723] dns-mgr: Writing DNS information to /sbin/resolvconf
Jan 14 12:46:29 nwalzerOSVM dnsmasq[836]: started, version 2.75 cache disabled
Jan 14 12:46:29 nwalzerOSVM dnsmasq[836]: compile time options: IPv6 GNU-getopt DBus i18n IDN DHCP DHCPv6 no-Lua TFTP conntrack ipset auth DNSSEC loop-detect inotify
Jan 14 12:46:29 nwalzerOSVM dnsmasq[836]: DBus support enabled: connected to system bus
Jan 14 12:46:29 nwalzerOSVM dnsmasq[836]: warning: no upstream servers configured
Jan 14 12:46:29 nwalzerOSVM avahi-daemon[598]: Joining mDNS multicast group on interface enp0s3.IPv6 with address fe80::98a7:5088:c49d:ce7e.
Jan 14 12:46:29 nwalzerOSVM avahi-daemon[598]: New relevant interface enp0s3.IPv6 for mDNS.
Jan 14 12:46:29 nwalzerOSVM avahi-daemon[598]: Registering new address record for fe80::98a7:5088:c49d:ce7e on enp0s3.*.
Jan 14 12:46:29 nwalzerOSVM ModemManager[634]: <info>  Couldn't check support for device at '/sys/devices/pci0000:00/0000:00:03.0': not supported by any plugin
Jan 14 12:46:30 nwalzerOSVM NetworkManager[715]: <info>  [1547487990.5811] device (enp0s3): Activation: successful, device activated.
Jan 14 12:46:30 nwalzerOSVM nm-dispatcher: req:2 'up' [enp0s3]: new request (1 scripts)
Jan 14 12:46:30 nwalzerOSVM nm-dispatcher: req:2 'up' [enp0s3]: start running ordered scripts...
Jan 14 12:46:30 nwalzerOSVM NetworkManager[715]: <info>  [1547487990.6296] dnsmasq[0xa09e108]: dnsmasq appeared as :1.20
Jan 14 12:46:30 nwalzerOSVM dnsmasq[836]: setting upstream servers from DBus
Jan 14 12:46:30 nwalzerOSVM dnsmasq[836]: using nameserver 192.168.1.1#53(via enp0s3)
Jan 14 12:46:32 nwalzerOSVM systemd[1]: Created slice User Slice of nwalzer.
Jan 14 12:46:32 nwalzerOSVM systemd[1]: Started Session c1 of user nwalzer.
Jan 14 12:46:32 nwalzerOSVM systemd[1]: Starting User Manager for UID 1000...
Jan 14 12:46:33 nwalzerOSVM systemd[989]: Reached target Sockets.
Jan 14 12:46:33 nwalzerOSVM systemd[989]: Reached target Timers.
Jan 14 12:46:33 nwalzerOSVM systemd[989]: Reached target Paths.
Jan 14 12:46:33 nwalzerOSVM systemd[989]: Reached target Basic System.
Jan 14 12:46:33 nwalzerOSVM systemd[989]: Reached target Default.
Jan 14 12:46:33 nwalzerOSVM systemd[989]: Startup finished in 218ms.
Jan 14 12:46:33 nwalzerOSVM systemd[1]: Started User Manager for UID 1000.
Jan 14 12:46:33 nwalzerOSVM NetworkManager[715]: <info>  [1547487993.6082] manager: startup complete
Jan 14 12:46:33 nwalzerOSVM systemd[1]: Started Network Manager Wait Online.
Jan 14 12:46:33 nwalzerOSVM systemd[1]: Reached target Network is Online.
Jan 14 12:46:33 nwalzerOSVM systemd[1]: Starting /etc/rc.local Compatibility...
Jan 14 12:46:33 nwalzerOSVM systemd[1]: Started crash report submission daemon.
Jan 14 12:46:33 nwalzerOSVM systemd[1]: Started /etc/rc.local Compatibility.
Jan 14 12:46:33 nwalzerOSVM systemd[1]: Starting Hold until boot process finishes up...
Jan 14 12:46:33 nwalzerOSVM systemd[1]: Started Hold until boot process finishes up.
Jan 14 12:46:33 nwalzerOSVM systemd[1]: Started Getty on tty1.
Jan 14 12:46:33 nwalzerOSVM systemd[1]: Reached target Login Prompts.
Jan 14 12:46:33 nwalzerOSVM systemd[1]: Reached target Multi-User System.
Jan 14 12:46:33 nwalzerOSVM systemd[1]: Reached target Graphical Interface.
Jan 14 12:46:33 nwalzerOSVM systemd[1]: Starting Update UTMP about System Runlevel Changes...
Jan 14 12:46:33 nwalzerOSVM systemd[1]: Starting Set console scheme...
Jan 14 12:46:33 nwalzerOSVM systemd[1]: Started Update UTMP about System Runlevel Changes.
Jan 14 12:46:33 nwalzerOSVM systemd[1]: Started Set console scheme.
Jan 14 12:46:33 nwalzerOSVM systemd[1]: Startup finished in 3.136s (kernel) + 28.094s (userspace) = 31.230s.
Jan 14 12:46:34 nwalzerOSVM whoopsie[1007]: [12:46:34] Using lock path: /var/lock/whoopsie/lock
Jan 14 12:46:34 nwalzerOSVM whoopsie[1007]: [12:46:34] The default IPv4 route is: /org/freedesktop/NetworkManager/ActiveConnection/0
Jan 14 12:46:34 nwalzerOSVM whoopsie[1007]: [12:46:34] Not a paid data plan: /org/freedesktop/NetworkManager/ActiveConnection/0
Jan 14 12:46:34 nwalzerOSVM whoopsie[1007]: [12:46:34] Found usable connection: /org/freedesktop/NetworkManager/ActiveConnection/0
Jan 14 12:46:35 nwalzerOSVM NetworkManager[715]: <info>  [1547487995.6082] manager: WiFi hardware radio set enabled
Jan 14 12:46:35 nwalzerOSVM NetworkManager[715]: <info>  [1547487995.6084] manager: WWAN hardware radio set enabled
Jan 14 12:46:40 nwalzerOSVM org.ayatana.bamf[1105]: bamfdaemon job is already running...
Jan 14 12:47:07 nwalzerOSVM systemd-timesyncd[285]: Synchronized to time server 91.189.89.199:123 (ntp.ubuntu.com).
Jan 14 12:47:07 nwalzerOSVM systemd[989]: Time has been changed
Jan 14 12:47:07 nwalzerOSVM systemd[1]: Time has been changed
Jan 14 12:47:09 nwalzerOSVM org.a11y.atspi.Registry[1231]: SpiRegistry daemon is running with well-known name - org.a11y.atspi.Registry
Jan 14 12:47:09 nwalzerOSVM gnome-session[1218]: gnome-session-is-accelerated: llvmpipe detected.
Jan 14 12:47:10 nwalzerOSVM org.gnome.ScreenSaver[1105]: ** (gnome-screensaver:1297): WARNING **: Couldn't get presence status: The name org.gnome.SessionManager was not provided by any .service files
Jan 14 12:47:10 nwalzerOSVM dbus[642]: [system] Activating via systemd: service name='org.freedesktop.UPower' unit='upower.service'
Jan 14 12:47:10 nwalzerOSVM systemd[1]: Starting Daemon for power management...
Jan 14 12:47:11 nwalzerOSVM dbus[642]: [system] Successfully activated service 'org.freedesktop.UPower'
Jan 14 12:47:11 nwalzerOSVM systemd[1]: Started Daemon for power management.
Jan 14 12:47:13 nwalzerOSVM gnome-session[1218]: SSH_AUTH_SOCK=/run/user/1000/keyring/ssh
Jan 14 12:47:13 nwalzerOSVM gnome-session[1218]: SSH_AUTH_SOCK=/run/user/1000/keyring/ssh
Jan 14 12:47:13 nwalzerOSVM gnome-session[1218]: SSH_AUTH_SOCK=/run/user/1000/keyring/ssh
Jan 14 12:47:13 nwalzerOSVM dbus[642]: [system] Activating via systemd: service name='org.bluez' unit='dbus-org.bluez.service'
Jan 14 12:47:14 nwalzerOSVM dbus[642]: [system] Activating via systemd: service name='org.freedesktop.ColorManager' unit='colord.service'
Jan 14 12:47:14 nwalzerOSVM systemd[1]: Starting Manage, Install and Generate Color Profiles...
Jan 14 12:47:14 nwalzerOSVM dbus[642]: [system] Activating via systemd: service name='org.freedesktop.RealtimeKit1' unit='rtkit-daemon.service'
Jan 14 12:47:15 nwalzerOSVM systemd[1]: Starting RealtimeKit Scheduling Policy Service...
Jan 14 12:47:15 nwalzerOSVM dbus[642]: [system] Successfully activated service 'org.freedesktop.RealtimeKit1'
Jan 14 12:47:15 nwalzerOSVM systemd[1]: Started RealtimeKit Scheduling Policy Service.
Jan 14 12:47:15 nwalzerOSVM rtkit-daemon[1408]: Successfully called chroot.
Jan 14 12:47:15 nwalzerOSVM rtkit-daemon[1408]: Successfully dropped privileges.
Jan 14 12:47:15 nwalzerOSVM rtkit-daemon[1408]: Successfully limited resources.
Jan 14 12:47:15 nwalzerOSVM rtkit-daemon[1408]: Running.
Jan 14 12:47:15 nwalzerOSVM rtkit-daemon[1408]: Watchdog thread running.
Jan 14 12:47:15 nwalzerOSVM rtkit-daemon[1408]: Canary thread running.
Jan 14 12:47:15 nwalzerOSVM rtkit-daemon[1408]: Successfully made thread 1402 of process 1402 (n/a) owned by '1000' high priority at nice level -11.
Jan 14 12:47:15 nwalzerOSVM rtkit-daemon[1408]: Supervising 1 threads of 1 processes of 1 users.
Jan 14 12:47:15 nwalzerOSVM colord[1395]: (colord:1395): Cd-WARNING **: failed to get edid data: EDID length is too small
Jan 14 12:47:15 nwalzerOSVM dbus[642]: [system] Successfully activated service 'org.freedesktop.ColorManager'
Jan 14 12:47:15 nwalzerOSVM systemd[1]: Started Manage, Install and Generate Color Profiles.
Jan 14 12:47:19 nwalzerOSVM pulseaudio[1402]: [pulseaudio] alsa-util.c: Disabling timer-based scheduling because running inside a VM.
Jan 14 12:47:19 nwalzerOSVM pulseaudio[1402]: [pulseaudio] sink.c: Default and alternate sample rates are the same.
Jan 14 12:47:19 nwalzerOSVM rtkit-daemon[1408]: Supervising 1 threads of 1 processes of 1 users.
Jan 14 12:47:19 nwalzerOSVM rtkit-daemon[1408]: Successfully made thread 1431 of process 1402 (n/a) owned by '1000' RT at priority 5.
Jan 14 12:47:19 nwalzerOSVM rtkit-daemon[1408]: Supervising 2 threads of 1 processes of 1 users.
Jan 14 12:47:19 nwalzerOSVM pulseaudio[1402]: [pulseaudio] alsa-util.c: Disabling timer-based scheduling because running inside a VM.
Jan 14 12:47:19 nwalzerOSVM rtkit-daemon[1408]: Supervising 2 threads of 1 processes of 1 users.
Jan 14 12:47:19 nwalzerOSVM rtkit-daemon[1408]: Successfully made thread 1432 of process 1402 (n/a) owned by '1000' RT at priority 5.
Jan 14 12:47:19 nwalzerOSVM rtkit-daemon[1408]: Supervising 3 threads of 1 processes of 1 users.
Jan 14 12:47:20 nwalzerOSVM rtkit-daemon[1408]: Successfully made thread 1435 of process 1435 (n/a) owned by '1000' high priority at nice level -11.
Jan 14 12:47:20 nwalzerOSVM rtkit-daemon[1408]: Supervising 4 threads of 2 processes of 1 users.
Jan 14 12:47:20 nwalzerOSVM pulseaudio[1435]: [pulseaudio] pid.c: Daemon already running.
